#
# There is insufficient memory for the Java Runtime Environment to continue.
# Native memory allocation (mmap) failed to map 441450496 bytes for G1 virtual space
# Possible reasons:
#   The system is out of physical RAM or swap space
#   The process is running with CompressedOops enabled, and the Java Heap may be blocking the growth of the native heap
# Possible solutions:
#   Reduce memory load on the system
#   Increase physical memory or swap space
#   Check if swap backing store is full
#   Decrease Java heap size (-Xmx/-Xms)
#   Decrease number of Java threads
#   Decrease Java thread stack sizes (-Xss)
#   Set larger code cache with -XX:ReservedCodeCacheSize=
#   JVM is running with Unscaled Compressed Oops mode in which the Java heap is
#     placed in the first 4GB address space. The Java Heap base address is the
#     maximum limit for the native heap growth. Please use -XX:HeapBaseMinAddress
#     to set the Java Heap base and to place the Java Heap above 4GB virtual address.
# This output file may be truncated or incomplete.
#
#  Out of Memory Error (os_windows.cpp:3469), pid=11144, tid=17916
#
# JRE version: OpenJDK Runtime Environment (17.0.0.1+2) (build 17.0.0.1+2-3)
# Java VM: OpenJDK 64-Bit Server VM (17.0.0.1+2-3, mixed mode, sharing, tiered, compressed oops, compressed class ptrs, g1 gc, windows-amd64)
# No core dump will be written. Minidumps are not enabled by default on client versions of Windows
#

---------------  S U M M A R Y ------------

Command Line: --add-opens=java.base/java.lang=ALL-UNNAMED --add-opens=java.base/java.lang.invoke=ALL-UNNAMED --add-opens=java.base/java.util=ALL-UNNAMED --add-opens=java.prefs/java.util.prefs=ALL-UNNAMED --add-exports=jdk.compiler/com.sun.tools.javac.api=ALL-UNNAMED --add-exports=jdk.compiler/com.sun.tools.javac.util=ALL-UNNAMED --add-opens=java.base/java.util=ALL-UNNAMED --add-opens=java.prefs/java.util.prefs=ALL-UNNAMED --add-opens=java.base/java.nio.charset=ALL-UNNAMED --add-opens=java.base/java.net=ALL-UNNAMED --add-opens=java.base/java.util.concurrent.atomic=ALL-UNNAMED --add-opens=java.xml/javax.xml.namespace=ALL-UNNAMED -Xmx2048m -Dfile.encoding=UTF-8 -Duser.country=IN -Duser.language=en -Duser.variant -javaagent:C:\Users\Dell\.gradle\wrapper\dists\gradle-8.11.1-bin\bpt9gzteqjrbo1mjrsomdt32c\gradle-8.11.1\lib\agents\gradle-instrumentation-agent-8.11.1.jar org.gradle.launcher.daemon.bootstrap.GradleDaemon 8.11.1

Host: 11th Gen Intel(R) Core(TM) i5-1135G7 @ 2.40GHz, 8 cores, 7G,  Windows 10 , 64 bit Build 26100 (10.0.26100.6725)
Time: Thu Oct 30 23:05:59 2025 India Standard Time elapsed time: 107.211306 seconds (0d 0h 1m 47s)

---------------  T H R E A D  ---------------

Current thread (0x000001ec4c11b150):  VMThread "VM Thread" [stack: 0x0000008d96a00000,0x0000008d96b00000] [id=17916]

Stack: [0x0000008d96a00000,0x0000008d96b00000]
Native frames: (J=compiled Java code, j=interpreted, Vv=VM code, C=native code)
V  [jvm.dll+0x66f8ea]
V  [jvm.dll+0x7ce224]
V  [jvm.dll+0x7cf9ce]
V  [jvm.dll+0x7d0033]
V  [jvm.dll+0x242bb5]
V  [jvm.dll+0x66c909]
V  [jvm.dll+0x6613d2]
V  [jvm.dll+0x30082b]
V  [jvm.dll+0x307db6]
V  [jvm.dll+0x357a0e]
V  [jvm.dll+0x357c3f]
V  [jvm.dll+0x2d7ae8]
V  [jvm.dll+0x2d5db4]
V  [jvm.dll+0x2d53bc]
V  [jvm.dll+0x318d1b]
V  [jvm.dll+0x7d44cb]
V  [jvm.dll+0x7d5204]
V  [jvm.dll+0x7d571c]
V  [jvm.dll+0x7d5af4]
V  [jvm.dll+0x7d5bc0]
V  [jvm.dll+0x77e7ea]
V  [jvm.dll+0x66e715]
C  [ucrtbase.dll+0x37b0]
C  [KERNEL32.DLL+0x2e8d7]
C  [ntdll.dll+0x8c53c]

VM_Operation (0x0000008d9c1fc680): G1CollectForAllocation, mode: safepoint, requested by thread 0x000001ec50ddb670


---------------  P R O C E S S  ---------------

Threads class SMR info:
_java_thread_list=0x000001ec505720e0, length=102, elements={
0x000001ec2d7d2760, 0x000001ec4c11fab0, 0x000001ec4c120570, 0x000001ec4c133410,
0x000001ec4c135de0, 0x000001ec4c1366a0, 0x000001ec4c136f60, 0x000001ec4c138170,
0x000001ec4c13a140, 0x000001ec4c158180, 0x000001ec4ccd94d0, 0x000001ec4cd9b2e0,
0x000001ec4e0066e0, 0x000001ec4e841990, 0x000001ec4e6cd180, 0x000001ec4e9194e0,
0x000001ec4eb8a8a0, 0x000001ec4e92d1f0, 0x000001ec4e92e530, 0x000001ec4e92db90,
0x000001ec4e92c380, 0x000001ec4e92eed0, 0x000001ec4e92beb0, 0x000001ec4cf4de60,
0x000001ec4cf509b0, 0x000001ec4cf504e0, 0x000001ec4cf4e800, 0x000001ec4cf54370,
0x000001ec4cf54840, 0x000001ec50656bc0, 0x000001ec50657090, 0x000001ec506553b0,
0x000001ec50ddf500, 0x000001ec50dde690, 0x000001ec5796ab70, 0x000001ec5796cd20,
0x000001ec5796b510, 0x000001ec5796b040, 0x000001ec5796b9e0, 0x000001ec5796beb0,
0x000001ec57cd3a00, 0x000001ec57cd3530, 0x000001ec57cd1850, 0x000001ec57cd2b90,
0x000001ec57cd43a0, 0x000001ec57cd1d20, 0x000001ec57cd26c0, 0x000001ec57cd09e0,
0x000001ec57cd0eb0, 0x000001ec57cd4d40, 0x000001ec57cd5210, 0x000001ec57cd56e0,
0x000001ec57cd5bb0, 0x000001ec57cd6080, 0x000001ec57cd6550, 0x000001ec57cd6a20,
0x000001ec57cd3060, 0x000001ec57cd6ef0, 0x000001ec57cd73c0, 0x000001ec57cd7d60,
0x000001ec50656220, 0x000001ec50655880, 0x000001ec50654070, 0x000001ec50655d50,
0x000001ec506566f0, 0x000001ec50657a30, 0x000001ec50654540, 0x000001ec50657f00,
0x000001ec506583d0, 0x000001ec50654a10, 0x000001ec506588a0, 0x000001ec50654ee0,
0x000001ec50658d70, 0x000001ec5065a580, 0x000001ec5065b3f0, 0x000001ec50659240,
0x000001ec50659710, 0x000001ec50659be0, 0x000001ec5065aa50, 0x000001ec5065af20,
0x000001ec5065a0b0, 0x000001ec50dd8180, 0x000001ec50dd8b20, 0x000001ec50dd94c0,
0x000001ec50ddacd0, 0x000001ec50dd9e60, 0x000001ec50ddb1a0, 0x000001ec50dda330,
0x000001ec50ddb670, 0x000001ec50dda800, 0x000001ec50dd7cb0, 0x000001ec50ddeb60,
0x000001ec50ddce80, 0x000001ec50ddf030, 0x000001ec50ddbb40, 0x000001ec50ddc010,
0x000001ec4cf51820, 0x000001ec4cf4ecd0, 0x000001ec4cf521c0, 0x000001ec4cf52690,
0x000001ec4cf52b60, 0x000001ec53d82a50
}

Java Threads: ( => current thread )
  0x000001ec2d7d2760 JavaThread "main" [_thread_blocked, id=10696, stack(0x0000008d96400000,0x0000008d96500000)]
  0x000001ec4c11fab0 JavaThread "Reference Handler" daemon [_thread_blocked, id=25168, stack(0x0000008d96b00000,0x0000008d96c00000)]
  0x000001ec4c120570 JavaThread "Finalizer" daemon [_thread_blocked, id=21496, stack(0x0000008d96c00000,0x0000008d96d00000)]
  0x000001ec4c133410 JavaThread "Signal Dispatcher" daemon [_thread_blocked, id=19336, stack(0x0000008d96d00000,0x0000008d96e00000)]
  0x000001ec4c135de0 JavaThread "Attach Listener" daemon [_thread_blocked, id=2576, stack(0x0000008d96e00000,0x0000008d96f00000)]
  0x000001ec4c1366a0 JavaThread "Service Thread" daemon [_thread_blocked, id=27344, stack(0x0000008d96f00000,0x0000008d97000000)]
  0x000001ec4c136f60 JavaThread "Monitor Deflation Thread" daemon [_thread_blocked, id=26812, stack(0x0000008d97000000,0x0000008d97100000)]
  0x000001ec4c138170 JavaThread "C2 CompilerThread0" daemon [_thread_blocked, id=12780, stack(0x0000008d97100000,0x0000008d97200000)]
  0x000001ec4c13a140 JavaThread "C1 CompilerThread0" daemon [_thread_blocked, id=25244, stack(0x0000008d97200000,0x0000008d97300000)]
  0x000001ec4c158180 JavaThread "Sweeper thread" daemon [_thread_blocked, id=14360, stack(0x0000008d97300000,0x0000008d97400000)]
  0x000001ec4ccd94d0 JavaThread "Common-Cleaner" daemon [_thread_blocked, id=20296, stack(0x0000008d97400000,0x0000008d97500000)]
  0x000001ec4cd9b2e0 JavaThread "Notification Thread" daemon [_thread_blocked, id=14976, stack(0x0000008d97500000,0x0000008d97600000)]
  0x000001ec4e0066e0 JavaThread "Daemon health stats" [_thread_blocked, id=25048, stack(0x0000008d97700000,0x0000008d97800000)]
  0x000001ec4e841990 JavaThread "Incoming local TCP Connector on port 58543" [_thread_in_native, id=17140, stack(0x0000008d97c00000,0x0000008d97d00000)]
  0x000001ec4e6cd180 JavaThread "Daemon periodic checks" [_thread_blocked, id=13580, stack(0x0000008d97d00000,0x0000008d97e00000)]
  0x000001ec4e9194e0 JavaThread "Daemon" [_thread_blocked, id=4928, stack(0x0000008d97f00000,0x0000008d98000000)]
  0x000001ec4eb8a8a0 JavaThread "Daemon worker" [_thread_blocked, id=12540, stack(0x0000008d98200000,0x0000008d98300000)]
  0x000001ec4e92d1f0 JavaThread "Cache worker for journal cache (C:\Users\Dell\.gradle\caches\journal-1)" [_thread_blocked, id=18988, stack(0x0000008d97e00000,0x0000008d97f00000)]
  0x000001ec4e92e530 JavaThread "File lock request listener" [_thread_in_native, id=3132, stack(0x0000008d98600000,0x0000008d98700000)]
  0x000001ec4e92db90 JavaThread "File lock release action executor" [_thread_blocked, id=27644, stack(0x0000008d98700000,0x0000008d98800000)]
  0x000001ec4e92c380 JavaThread "Cache worker for file hash cache (C:\Users\Dell\.gradle\caches\8.11.1\fileHashes)" [_thread_blocked, id=22128, stack(0x0000008d98800000,0x0000008d98900000)]
  0x000001ec4e92eed0 JavaThread "Cache worker for file content cache (C:\Users\Dell\.gradle\caches\8.11.1\fileContent)" [_thread_blocked, id=20672, stack(0x0000008d98d00000,0x0000008d98e00000)]
  0x000001ec4e92beb0 JavaThread "File watcher server" daemon [_thread_blocked, id=7744, stack(0x0000008d98900000,0x0000008d98a00000)]
  0x000001ec4cf4de60 JavaThread "File watcher consumer" daemon [_thread_blocked, id=19324, stack(0x0000008d99100000,0x0000008d99200000)]
  0x000001ec4cf509b0 JavaThread "jar transforms" [_thread_blocked, id=23696, stack(0x0000008d99300000,0x0000008d99400000)]
  0x000001ec4cf504e0 JavaThread "jar transforms Thread 2" [_thread_blocked, id=10916, stack(0x0000008d99600000,0x0000008d99700000)]
  0x000001ec4cf4e800 JavaThread "jar transforms Thread 3" [_thread_blocked, id=24476, stack(0x0000008d99700000,0x0000008d99800000)]
  0x000001ec4cf54370 JavaThread "jar transforms Thread 4" [_thread_blocked, id=15808, stack(0x0000008d9a100000,0x0000008d9a200000)]
  0x000001ec4cf54840 JavaThread "jar transforms Thread 5" [_thread_blocked, id=23376, stack(0x0000008d9a200000,0x0000008d9a300000)]
  0x000001ec50656bc0 JavaThread "jar transforms Thread 6" [_thread_blocked, id=21668, stack(0x0000008d9a700000,0x0000008d9a800000)]
  0x000001ec50657090 JavaThread "jar transforms Thread 7" [_thread_blocked, id=6256, stack(0x0000008d9a800000,0x0000008d9a900000)]
  0x000001ec506553b0 JavaThread "jar transforms Thread 8" [_thread_blocked, id=19424, stack(0x0000008d9a900000,0x0000008d9aa00000)]
  0x000001ec50ddf500 JavaThread "Memory manager" [_thread_blocked, id=14888, stack(0x0000008d9cc00000,0x0000008d9cd00000)]
  0x000001ec50dde690 JavaThread "included builds" [_thread_blocked, id=13704, stack(0x0000008d9d200000,0x0000008d9d300000)]
  0x000001ec5796ab70 JavaThread "RMI Scheduler(0)" daemon [_thread_blocked, id=9964, stack(0x0000008d9cf00000,0x0000008d9d000000)]
  0x000001ec5796cd20 JavaThread "RMI RenewClean-[127.0.0.1:17911,org.jetbrains.kotlin.daemon.common.LoopbackNetworkInterface$ClientLoopbackSocketFactory@4462196]" daemon [_thread_blocked, id=24392, stack(0x0000008da0300000,0x0000008da0400000)]
  0x000001ec5796b510 JavaThread "RMI GC Daemon" daemon [_thread_blocked, id=25972, stack(0x0000008da0400000,0x0000008da0500000)]
  0x000001ec5796b040 JavaThread "RMI TCP Accept-0" daemon [_thread_in_native, id=21540, stack(0x0000008da0500000,0x0000008da0600000)]
  0x000001ec5796b9e0 JavaThread "RMI Reaper" [_thread_blocked, id=6344, stack(0x0000008da0600000,0x0000008da0700000)]
  0x000001ec5796beb0 JavaThread "RMI TCP Connection(idle)" daemon [_thread_blocked, id=13740, stack(0x0000008da0700000,0x0000008da0800000)]
  0x000001ec57cd3a00 JavaThread "VFS cleanup" [_thread_blocked, id=23124, stack(0x0000008d98300000,0x0000008d98400000)]
  0x000001ec57cd3530 JavaThread "Handler for socket connection from /127.0.0.1:58543 to /127.0.0.1:58552" [_thread_in_native, id=26112, stack(0x0000008d96100000,0x0000008d96200000)]
  0x000001ec57cd1850 JavaThread "Cancel handler" [_thread_blocked, id=14936, stack(0x0000008d96200000,0x0000008d96300000)]
  0x000001ec57cd2b90 JavaThread "Asynchronous log dispatcher for DefaultDaemonConnection: socket connection from /127.0.0.1:58543 to /127.0.0.1:58552" [_thread_blocked, id=26368, stack(0x0000008d96300000,0x0000008d96400000)]
  0x000001ec57cd43a0 JavaThread "Stdin handler" [_thread_blocked, id=15972, stack(0x0000008d98000000,0x0000008d98100000)]
  0x000001ec57cd1d20 JavaThread "Daemon client event forwarder" [_thread_blocked, id=25968, stack(0x0000008d98100000,0x0000008d98200000)]
  0x000001ec57cd26c0 JavaThread "Cache worker for file hash cache (D:\Face_recognition\.gradle\8.11.1\fileHashes)" [_thread_blocked, id=18112, stack(0x0000008d98400000,0x0000008d98500000)]
  0x000001ec57cd09e0 JavaThread "Cache worker for Build Output Cleanup Cache (D:\Face_recognition\.gradle\buildOutputCleanup)" [_thread_blocked, id=26896, stack(0x0000008d98500000,0x0000008d98600000)]
  0x000001ec57cd0eb0 JavaThread "Cache worker for checksums cache (D:\Face_recognition\.gradle\8.11.1\checksums)" [_thread_blocked, id=11448, stack(0x0000008d98e00000,0x0000008d98f00000)]
  0x000001ec57cd4d40 JavaThread "Cache worker for cache directory md-rule (C:\Users\Dell\.gradle\caches\8.11.1\md-rule)" [_thread_blocked, id=22548, stack(0x0000008d98f00000,0x0000008d99000000)]
  0x000001ec57cd5210 JavaThread "Cache worker for cache directory md-supplier (C:\Users\Dell\.gradle\caches\8.11.1\md-supplier)" [_thread_blocked, id=2376, stack(0x0000008d99200000,0x0000008d99300000)]
  0x000001ec57cd56e0 JavaThread "Unconstrained build operations" [_thread_blocked, id=13360, stack(0x0000008d99400000,0x0000008d99500000)]
  0x000001ec57cd5bb0 JavaThread "Unconstrained build operations Thread 2" [_thread_blocked, id=25872, stack(0x0000008d99500000,0x0000008d99600000)]
  0x000001ec57cd6080 JavaThread "Unconstrained build operations Thread 3" [_thread_blocked, id=22008, stack(0x0000008d99800000,0x0000008d99900000)]
  0x000001ec57cd6550 JavaThread "Unconstrained build operations Thread 4" [_thread_blocked, id=13492, stack(0x0000008d99900000,0x0000008d99a00000)]
  0x000001ec57cd6a20 JavaThread "Unconstrained build operations Thread 5" [_thread_blocked, id=5720, stack(0x0000008d99b00000,0x0000008d99c00000)]
  0x000001ec57cd3060 JavaThread "Unconstrained build operations Thread 6" [_thread_blocked, id=18188, stack(0x0000008d99c00000,0x0000008d99d00000)]
  0x000001ec57cd6ef0 JavaThread "Unconstrained build operations Thread 7" [_thread_blocked, id=1932, stack(0x0000008d99d00000,0x0000008d99e00000)]
  0x000001ec57cd73c0 JavaThread "Unconstrained build operations Thread 8" [_thread_blocked, id=27360, stack(0x0000008d99e00000,0x0000008d99f00000)]
  0x000001ec57cd7d60 JavaThread "Unconstrained build operations Thread 9" [_thread_blocked, id=9984, stack(0x0000008d99f00000,0x0000008d9a000000)]
  0x000001ec50656220 JavaThread "Unconstrained build operations Thread 10" [_thread_blocked, id=204, stack(0x0000008d9a000000,0x0000008d9a100000)]
  0x000001ec50655880 JavaThread "Unconstrained build operations Thread 11" [_thread_blocked, id=14828, stack(0x0000008d9a300000,0x0000008d9a400000)]
  0x000001ec50654070 JavaThread "Unconstrained build operations Thread 12" [_thread_blocked, id=2224, stack(0x0000008d9a400000,0x0000008d9a500000)]
  0x000001ec50655d50 JavaThread "Unconstrained build operations Thread 13" [_thread_blocked, id=27268, stack(0x0000008d9a500000,0x0000008d9a600000)]
  0x000001ec506566f0 JavaThread "Unconstrained build operations Thread 14" [_thread_blocked, id=23252, stack(0x0000008d9a600000,0x0000008d9a700000)]
  0x000001ec50657a30 JavaThread "Unconstrained build operations Thread 15" [_thread_blocked, id=19548, stack(0x0000008d9aa00000,0x0000008d9ab00000)]
  0x000001ec50654540 JavaThread "Unconstrained build operations Thread 16" [_thread_blocked, id=9116, stack(0x0000008d9ac00000,0x0000008d9ad00000)]
  0x000001ec50657f00 JavaThread "Unconstrained build operations Thread 17" [_thread_blocked, id=20872, stack(0x0000008d9ad00000,0x0000008d9ae00000)]
  0x000001ec506583d0 JavaThread "Unconstrained build operations Thread 18" [_thread_blocked, id=27172, stack(0x0000008d9ae00000,0x0000008d9af00000)]
  0x000001ec50654a10 JavaThread "Unconstrained build operations Thread 19" [_thread_blocked, id=20348, stack(0x0000008d9af00000,0x0000008d9b000000)]
  0x000001ec506588a0 JavaThread "Unconstrained build operations Thread 20" [_thread_blocked, id=27228, stack(0x0000008d9b000000,0x0000008d9b100000)]
  0x000001ec50654ee0 JavaThread "Unconstrained build operations Thread 21" [_thread_blocked, id=23420, stack(0x0000008d9b100000,0x0000008d9b200000)]
  0x000001ec50658d70 JavaThread "Unconstrained build operations Thread 22" [_thread_blocked, id=10492, stack(0x0000008d9b200000,0x0000008d9b300000)]
  0x000001ec5065a580 JavaThread "Unconstrained build operations Thread 23" [_thread_blocked, id=10000, stack(0x0000008d9b300000,0x0000008d9b400000)]
  0x000001ec5065b3f0 JavaThread "Unconstrained build operations Thread 24" [_thread_blocked, id=11420, stack(0x0000008d9b400000,0x0000008d9b500000)]
  0x000001ec50659240 JavaThread "Unconstrained build operations Thread 25" [_thread_blocked, id=16332, stack(0x0000008d9b500000,0x0000008d9b600000)]
  0x000001ec50659710 JavaThread "Unconstrained build operations Thread 26" [_thread_blocked, id=26152, stack(0x0000008d9b600000,0x0000008d9b700000)]
  0x000001ec50659be0 JavaThread "Unconstrained build operations Thread 27" [_thread_blocked, id=18120, stack(0x0000008d9b700000,0x0000008d9b800000)]
  0x000001ec5065aa50 JavaThread "Unconstrained build operations Thread 28" [_thread_blocked, id=26308, stack(0x0000008d9b800000,0x0000008d9b900000)]
  0x000001ec5065af20 JavaThread "Unconstrained build operations Thread 29" [_thread_blocked, id=15952, stack(0x0000008d9b900000,0x0000008d9ba00000)]
  0x000001ec5065a0b0 JavaThread "Unconstrained build operations Thread 30" [_thread_blocked, id=9024, stack(0x0000008d9ba00000,0x0000008d9bb00000)]
  0x000001ec50dd8180 JavaThread "Unconstrained build operations Thread 31" [_thread_blocked, id=20524, stack(0x0000008d9bb00000,0x0000008d9bc00000)]
  0x000001ec50dd8b20 JavaThread "Unconstrained build operations Thread 32" [_thread_blocked, id=9540, stack(0x0000008d9bc00000,0x0000008d9bd00000)]
  0x000001ec50dd94c0 JavaThread "build event listener" [_thread_blocked, id=25496, stack(0x0000008d9bd00000,0x0000008d9be00000)]
  0x000001ec50ddacd0 JavaThread "build event listener" [_thread_blocked, id=2368, stack(0x0000008d9be00000,0x0000008d9bf00000)]
  0x000001ec50dd9e60 JavaThread "included builds" [_thread_blocked, id=15628, stack(0x0000008d9ab00000,0x0000008d9ac00000)]
  0x000001ec50ddb1a0 JavaThread "Execution worker" [_thread_blocked, id=27492, stack(0x0000008d9bf00000,0x0000008d9c000000)]
  0x000001ec50dda330 JavaThread "Execution worker Thread 2" [_thread_blocked, id=3156, stack(0x0000008d9c000000,0x0000008d9c100000)]
  0x000001ec50ddb670 JavaThread "Execution worker Thread 3" [_thread_blocked, id=16404, stack(0x0000008d9c100000,0x0000008d9c200000)]
  0x000001ec50dda800 JavaThread "Execution worker Thread 4" [_thread_blocked, id=936, stack(0x0000008d9c200000,0x0000008d9c300000)]
  0x000001ec50dd7cb0 JavaThread "Execution worker Thread 5" [_thread_blocked, id=14784, stack(0x0000008d9c300000,0x0000008d9c400000)]
  0x000001ec50ddeb60 JavaThread "Execution worker Thread 6" [_thread_blocked, id=26964, stack(0x0000008d9c400000,0x0000008d9c500000)]
  0x000001ec50ddce80 JavaThread "Execution worker Thread 7" [_thread_blocked, id=5604, stack(0x0000008d9c500000,0x0000008d9c600000)]
  0x000001ec50ddf030 JavaThread "Cache worker for execution history cache (D:\Face_recognition\.gradle\8.11.1\executionHistory)" [_thread_blocked, id=24932, stack(0x0000008d9c600000,0x0000008d9c700000)]
  0x000001ec50ddbb40 JavaThread "Unconstrained build operations Thread 33" [_thread_blocked, id=18040, stack(0x0000008d9c700000,0x0000008d9c800000)]
  0x000001ec50ddc010 JavaThread "Unconstrained build operations Thread 34" [_thread_blocked, id=25036, stack(0x0000008d9c800000,0x0000008d9c900000)]
  0x000001ec4cf51820 JavaThread "Unconstrained build operations Thread 35" [_thread_blocked, id=24736, stack(0x0000008d9c900000,0x0000008d9ca00000)]
  0x000001ec4cf4ecd0 JavaThread "Unconstrained build operations Thread 36" [_thread_blocked, id=340, stack(0x0000008d9ca00000,0x0000008d9cb00000)]
  0x000001ec4cf521c0 JavaThread "Unconstrained build operations Thread 37" [_thread_blocked, id=20352, stack(0x0000008d9cb00000,0x0000008d9cc00000)]
  0x000001ec4cf52690 JavaThread "Unconstrained build operations Thread 38" [_thread_blocked, id=1272, stack(0x0000008d9cd00000,0x0000008d9ce00000)]
  0x000001ec4cf52b60 JavaThread "Unconstrained build operations Thread 39" [_thread_blocked, id=15120, stack(0x0000008d9ce00000,0x0000008d9cf00000)]
  0x000001ec53d82a50 JavaThread "C2 CompilerThread1" daemon [_thread_blocked, id=25776, stack(0x0000008d99a00000,0x0000008d99b00000)]

Other Threads:
=>0x000001ec4c11b150 VMThread "VM Thread" [stack: 0x0000008d96a00000,0x0000008d96b00000] [id=17916]
  0x000001ec2d83fc90 WatcherThread [stack: 0x0000008d97600000,0x0000008d97700000] [id=14572]
  0x000001ec2d812990 GCTaskThread "GC Thread#0" [stack: 0x0000008d96500000,0x0000008d96600000] [id=10080]
  0x000001ec4d7f7760 GCTaskThread "GC Thread#1" [stack: 0x0000008d97900000,0x0000008d97a00000] [id=17192]
  0x000001ec4d7f7a10 GCTaskThread "GC Thread#2" [stack: 0x0000008d97a00000,0x0000008d97b00000] [id=6156]
  0x000001ec4dab8dd0 GCTaskThread "GC Thread#3" [stack: 0x0000008d97800000,0x0000008d97900000] [id=19308]
  0x000001ec4daa4190 GCTaskThread "GC Thread#4" [stack: 0x0000008d97b00000,0x0000008d97c00000] [id=12152]
  0x000001ec4e675680 GCTaskThread "GC Thread#5" [stack: 0x0000008d98a00000,0x0000008d98b00000] [id=22732]
  0x000001ec4e6753d0 GCTaskThread "GC Thread#6" [stack: 0x0000008d98b00000,0x0000008d98c00000] [id=24128]
  0x000001ec4e675930 GCTaskThread "GC Thread#7" [stack: 0x0000008d98c00000,0x0000008d98d00000] [id=22444]
  0x000001ec2d8244b0 ConcurrentGCThread "G1 Main Marker" [stack: 0x0000008d96600000,0x0000008d96700000] [id=13612]
  0x000001ec2d824dd0 ConcurrentGCThread "G1 Conc#0" [stack: 0x0000008d96700000,0x0000008d96800000] [id=16144]
  0x000001ec4e675e90 ConcurrentGCThread "G1 Conc#1" [stack: 0x0000008d99000000,0x0000008d99100000] [id=27036]
  0x000001ec2d89e340 ConcurrentGCThread "G1 Refine#0" [stack: 0x0000008d96800000,0x0000008d96900000] [id=19872]
  0x000001ec512e1dd0 ConcurrentGCThread "G1 Refine#1" [stack: 0x0000008d9e200000,0x0000008d9e300000] [id=22840]
  0x000001ec512e2c30 ConcurrentGCThread "G1 Refine#2" [stack: 0x0000008d9e300000,0x0000008d9e400000] [id=21192]
  0x000001ec512e34d0 ConcurrentGCThread "G1 Refine#3" [stack: 0x0000008d9e400000,0x0000008d9e500000] [id=26316]
  0x000001ec512e37b0 ConcurrentGCThread "G1 Refine#4" [stack: 0x0000008d9e500000,0x0000008d9e600000] [id=17832]
  0x000001ec51ae3790 ConcurrentGCThread "G1 Refine#5" [stack: 0x0000008d9e600000,0x0000008d9e700000] [id=22852]
  0x000001ec4bfd8160 ConcurrentGCThread "G1 Service" [stack: 0x0000008d96900000,0x0000008d96a00000] [id=24364]

Threads with active compile tasks:
C2 CompilerThread0   107255 16715       4       org.gradle.api.internal.artifacts.transform.TransformingAsyncArtifactListener$TransformedArtifact::lambda$visit$3 (65 bytes)
C2 CompilerThread1   107255 16717       4       org.gradle.internal.Try$Success::ifSuccessfulOrElse (11 bytes)

VM state: at safepoint (normal execution)

VM Mutex/Monitor currently owned by a thread:  ([mutex/lock_event])
[0x000001ec2d7cd320] Threads_lock - owner thread: 0x000001ec4c11b150
[0x000001ec2d7cdb00] Heap_lock - owner thread: 0x000001ec50ddb670

Heap address: 0x0000000080000000, size: 2048 MB, Compressed Oops mode: 32-bit

CDS archive(s) mapped at: [0x0000000800000000-0x0000000800bc0000-0x0000000800bc0000), size 12320768, SharedBaseAddress: 0x0000000800000000, ArchiveRelocationMode: 0.
Compressed class space mapped at: 0x0000000800c00000-0x0000000840c00000, reserved size: 1073741824
Narrow klass base: 0x0000000800000000, Narrow klass shift: 0, Narrow klass range: 0x100000000

GC Precious Log:
 CPUs: 8 total, 8 available
 Memory: 7926M
 Large Page Support: Disabled
 NUMA Support: Disabled
 Compressed Oops: Enabled (32-bit)
 Heap Region Size: 1M
 Heap Min Capacity: 8M
 Heap Initial Capacity: 124M
 Heap Max Capacity: 2G
 Pre-touch: Disabled
 Parallel Workers: 8
 Concurrent Workers: 2
 Concurrent Refinement Workers: 8
 Periodic GC: Disabled

Heap:
 garbage-first heap   total 296960K, used 164572K [0x0000000080000000, 0x0000000100000000)
  region size 1024K, 11 young (11264K), 11 survivors (11264K)
 Metaspace       used 105391K, committed 106560K, reserved 1146880K
  class space    used 14691K, committed 15296K, reserved 1048576K

Heap Regions: E=young(eden), S=young(survivor), O=old, HS=humongous(starts), HC=humongous(continues), CS=collection set, F=free, OA=open archive, CA=closed archive, TAMS=top-at-mark-start (previous, next)
|   0|0x0000000080000000, 0x0000000080100000, 0x0000000080100000|100%|HS|  |TAMS 0x0000000080100000, 0x0000000080000000| Complete 
|   1|0x0000000080100000, 0x0000000080200000, 0x0000000080200000|100%|HC|  |TAMS 0x0000000080200000, 0x0000000080100000| Complete 
|   2|0x0000000080200000, 0x0000000080300000, 0x0000000080300000|100%|HC|  |TAMS 0x0000000080300000, 0x0000000080200000| Complete 
|   3|0x0000000080300000, 0x0000000080400000, 0x0000000080400000|100%| O|  |TAMS 0x0000000080400000, 0x0000000080300000| Untracked 
|   4|0x0000000080400000, 0x0000000080500000, 0x0000000080500000|100%| O|  |TAMS 0x0000000080500000, 0x0000000080400000| Untracked 
|   5|0x0000000080500000, 0x0000000080600000, 0x0000000080600000|100%| O|  |TAMS 0x0000000080600000, 0x0000000080500000| Untracked 
|   6|0x0000000080600000, 0x0000000080700000, 0x0000000080700000|100%|HS|  |TAMS 0x0000000080700000, 0x0000000080600000| Complete 
|   7|0x0000000080700000, 0x0000000080800000, 0x0000000080800000|100%| O|  |TAMS 0x0000000080800000, 0x0000000080700000| Untracked 
|   8|0x0000000080800000, 0x0000000080900000, 0x0000000080900000|100%| O|  |TAMS 0x0000000080900000, 0x0000000080800000| Untracked 
|   9|0x0000000080900000, 0x0000000080a00000, 0x0000000080a00000|100%| O|  |TAMS 0x0000000080a00000, 0x0000000080900000| Untracked 
|  10|0x0000000080a00000, 0x0000000080b00000, 0x0000000080b00000|100%| O|  |TAMS 0x0000000080b00000, 0x0000000080a00000| Untracked 
|  11|0x0000000080b00000, 0x0000000080c00000, 0x0000000080c00000|100%| O|  |TAMS 0x0000000080c00000, 0x0000000080b00000| Untracked 
|  12|0x0000000080c00000, 0x0000000080d00000, 0x0000000080d00000|100%| O|  |TAMS 0x0000000080d00000, 0x0000000080c00000| Untracked 
|  13|0x0000000080d00000, 0x0000000080e00000, 0x0000000080e00000|100%| O|  |TAMS 0x0000000080e00000, 0x0000000080d00000| Untracked 
|  14|0x0000000080e00000, 0x0000000080f00000, 0x0000000080f00000|100%| O|  |TAMS 0x0000000080f00000, 0x0000000080e00000| Untracked 
|  15|0x0000000080f00000, 0x0000000081000000, 0x0000000081000000|100%| O|  |TAMS 0x0000000081000000, 0x0000000080f00000| Untracked 
|  16|0x0000000081000000, 0x0000000081100000, 0x0000000081100000|100%| O|  |TAMS 0x0000000081100000, 0x0000000081000000| Untracked 
|  17|0x0000000081100000, 0x0000000081200000, 0x0000000081200000|100%| O|  |TAMS 0x0000000081200000, 0x0000000081100000| Untracked 
|  18|0x0000000081200000, 0x0000000081300000, 0x0000000081300000|100%| O|  |TAMS 0x0000000081300000, 0x0000000081200000| Untracked 
|  19|0x0000000081300000, 0x0000000081400000, 0x0000000081400000|100%| O|  |TAMS 0x0000000081400000, 0x0000000081300000| Untracked 
|  20|0x0000000081400000, 0x0000000081500000, 0x0000000081500000|100%| O|  |TAMS 0x0000000081500000, 0x0000000081400000| Untracked 
|  21|0x0000000081500000, 0x0000000081600000, 0x0000000081600000|100%| O|  |TAMS 0x0000000081600000, 0x0000000081500000| Untracked 
|  22|0x0000000081600000, 0x0000000081700000, 0x0000000081700000|100%| O|  |TAMS 0x0000000081700000, 0x0000000081600000| Untracked 
|  23|0x0000000081700000, 0x0000000081800000, 0x0000000081800000|100%| O|  |TAMS 0x0000000081800000, 0x0000000081700000| Untracked 
|  24|0x0000000081800000, 0x0000000081900000, 0x0000000081900000|100%| O|  |TAMS 0x0000000081900000, 0x0000000081800000| Untracked 
|  25|0x0000000081900000, 0x0000000081a00000, 0x0000000081a00000|100%| O|  |TAMS 0x0000000081a00000, 0x0000000081900000| Untracked 
|  26|0x0000000081a00000, 0x0000000081b00000, 0x0000000081b00000|100%| O|  |TAMS 0x0000000081b00000, 0x0000000081a00000| Untracked 
|  27|0x0000000081b00000, 0x0000000081c00000, 0x0000000081c00000|100%| O|  |TAMS 0x0000000081c00000, 0x0000000081b00000| Untracked 
|  28|0x0000000081c00000, 0x0000000081d00000, 0x0000000081d00000|100%| O|  |TAMS 0x0000000081d00000, 0x0000000081c00000| Untracked 
|  29|0x0000000081d00000, 0x0000000081e00000, 0x0000000081e00000|100%| O|  |TAMS 0x0000000081e00000, 0x0000000081d00000| Untracked 
|  30|0x0000000081e00000, 0x0000000081f00000, 0x0000000081f00000|100%| O|  |TAMS 0x0000000081f00000, 0x0000000081e00000| Untracked 
|  31|0x0000000081f00000, 0x0000000082000000, 0x0000000082000000|100%| O|  |TAMS 0x0000000082000000, 0x0000000081f00000| Untracked 
|  32|0x0000000082000000, 0x0000000082100000, 0x0000000082100000|100%| O|  |TAMS 0x0000000082100000, 0x0000000082000000| Untracked 
|  33|0x0000000082100000, 0x0000000082200000, 0x0000000082200000|100%| O|  |TAMS 0x0000000082200000, 0x0000000082100000| Untracked 
|  34|0x0000000082200000, 0x0000000082300000, 0x0000000082300000|100%| O|  |TAMS 0x0000000082300000, 0x0000000082200000| Untracked 
|  35|0x0000000082300000, 0x0000000082400000, 0x0000000082400000|100%| O|  |TAMS 0x0000000082400000, 0x0000000082300000| Untracked 
|  36|0x0000000082400000, 0x0000000082500000, 0x0000000082500000|100%| O|  |TAMS 0x0000000082500000, 0x0000000082400000| Untracked 
|  37|0x0000000082500000, 0x0000000082600000, 0x0000000082600000|100%| O|  |TAMS 0x0000000082600000, 0x0000000082500000| Untracked 
|  38|0x0000000082600000, 0x0000000082700000, 0x0000000082700000|100%| O|  |TAMS 0x0000000082700000, 0x0000000082600000| Untracked 
|  39|0x0000000082700000, 0x0000000082800000, 0x0000000082800000|100%| O|  |TAMS 0x0000000082800000, 0x0000000082700000| Untracked 
|  40|0x0000000082800000, 0x0000000082900000, 0x0000000082900000|100%| O|  |TAMS 0x0000000082900000, 0x0000000082800000| Untracked 
|  41|0x0000000082900000, 0x0000000082a00000, 0x0000000082a00000|100%| O|  |TAMS 0x0000000082a00000, 0x0000000082900000| Untracked 
|  42|0x0000000082a00000, 0x0000000082b00000, 0x0000000082b00000|100%| O|  |TAMS 0x0000000082b00000, 0x0000000082a00000| Untracked 
|  43|0x0000000082b00000, 0x0000000082c00000, 0x0000000082c00000|100%| O|  |TAMS 0x0000000082c00000, 0x0000000082b00000| Untracked 
|  44|0x0000000082c00000, 0x0000000082d00000, 0x0000000082d00000|100%|HS|  |TAMS 0x0000000082d00000, 0x0000000082c00000| Complete 
|  45|0x0000000082d00000, 0x0000000082e00000, 0x0000000082e00000|100%|HS|  |TAMS 0x0000000082e00000, 0x0000000082d00000| Complete 
|  46|0x0000000082e00000, 0x0000000082f00000, 0x0000000082f00000|100%|HS|  |TAMS 0x0000000082f00000, 0x0000000082e00000| Complete 
|  47|0x0000000082f00000, 0x0000000083000000, 0x0000000083000000|100%|HC|  |TAMS 0x0000000083000000, 0x0000000082f00000| Complete 
|  48|0x0000000083000000, 0x0000000083100000, 0x0000000083100000|100%|HS|  |TAMS 0x0000000083100000, 0x0000000083000000| Complete 
|  49|0x0000000083100000, 0x0000000083200000, 0x0000000083200000|100%|HC|  |TAMS 0x0000000083200000, 0x0000000083100000| Complete 
|  50|0x0000000083200000, 0x0000000083300000, 0x0000000083300000|100%|HS|  |TAMS 0x0000000083300000, 0x0000000083200000| Complete 
|  51|0x0000000083300000, 0x0000000083400000, 0x0000000083400000|100%|HS|  |TAMS 0x0000000083400000, 0x0000000083300000| Complete 
|  52|0x0000000083400000, 0x0000000083500000, 0x0000000083500000|100%|HC|  |TAMS 0x0000000083500000, 0x0000000083400000| Complete 
|  53|0x0000000083500000, 0x0000000083600000, 0x0000000083600000|100%|HC|  |TAMS 0x0000000083600000, 0x0000000083500000| Complete 
|  54|0x0000000083600000, 0x0000000083700000, 0x0000000083700000|100%|HS|  |TAMS 0x0000000083700000, 0x0000000083600000| Complete 
|  55|0x0000000083700000, 0x0000000083800000, 0x0000000083800000|100%| O|  |TAMS 0x0000000083800000, 0x0000000083700000| Untracked 
|  56|0x0000000083800000, 0x0000000083900000, 0x0000000083900000|100%|HS|  |TAMS 0x0000000083900000, 0x0000000083800000| Complete 
|  57|0x0000000083900000, 0x0000000083a00000, 0x0000000083a00000|100%|HS|  |TAMS 0x0000000083a00000, 0x0000000083900000| Complete 
|  58|0x0000000083a00000, 0x0000000083b00000, 0x0000000083b00000|100%| O|  |TAMS 0x0000000083b00000, 0x0000000083a00000| Untracked 
|  59|0x0000000083b00000, 0x0000000083c00000, 0x0000000083c00000|100%| O|  |TAMS 0x0000000083c00000, 0x0000000083b00000| Untracked 
|  60|0x0000000083c00000, 0x0000000083d00000, 0x0000000083d00000|100%| O|  |TAMS 0x0000000083d00000, 0x0000000083c00000| Untracked 
|  61|0x0000000083d00000, 0x0000000083e00000, 0x0000000083e00000|100%| O|  |TAMS 0x0000000083e00000, 0x0000000083d00000| Untracked 
|  62|0x0000000083e00000, 0x0000000083f00000, 0x0000000083f00000|100%| O|  |TAMS 0x0000000083f00000, 0x0000000083e00000| Untracked 
|  63|0x0000000083f00000, 0x0000000084000000, 0x0000000084000000|100%| O|  |TAMS 0x0000000084000000, 0x0000000083f00000| Untracked 
|  64|0x0000000084000000, 0x0000000084100000, 0x0000000084100000|100%| O|  |TAMS 0x0000000084100000, 0x0000000084000000| Untracked 
|  65|0x0000000084100000, 0x0000000084200000, 0x0000000084200000|100%| O|  |TAMS 0x0000000084200000, 0x0000000084100000| Untracked 
|  66|0x0000000084200000, 0x0000000084300000, 0x0000000084300000|100%| O|  |TAMS 0x0000000084300000, 0x0000000084200000| Untracked 
|  67|0x0000000084300000, 0x0000000084400000, 0x0000000084400000|100%| O|  |TAMS 0x0000000084400000, 0x0000000084300000| Untracked 
|  68|0x0000000084400000, 0x0000000084500000, 0x0000000084500000|100%| O|  |TAMS 0x0000000084500000, 0x0000000084400000| Untracked 
|  69|0x0000000084500000, 0x0000000084600000, 0x0000000084600000|100%| O|  |TAMS 0x0000000084600000, 0x0000000084500000| Untracked 
|  70|0x0000000084600000, 0x0000000084700000, 0x0000000084700000|100%| O|  |TAMS 0x0000000084600000, 0x0000000084600000| Untracked 
|  71|0x0000000084700000, 0x0000000084800000, 0x0000000084800000|100%| O|  |TAMS 0x0000000084800000, 0x0000000084700000| Untracked 
|  72|0x0000000084800000, 0x0000000084900000, 0x0000000084900000|100%| O|  |TAMS 0x0000000084900000, 0x0000000084800000| Untracked 
|  73|0x0000000084900000, 0x0000000084a00000, 0x0000000084a00000|100%| O|  |TAMS 0x0000000084a00000, 0x0000000084900000| Untracked 
|  74|0x0000000084a00000, 0x0000000084b00000, 0x0000000084b00000|100%| O|  |TAMS 0x0000000084b00000, 0x0000000084a00000| Untracked 
|  75|0x0000000084b00000, 0x0000000084c00000, 0x0000000084c00000|100%|HS|  |TAMS 0x0000000084c00000, 0x0000000084b00000| Complete 
|  76|0x0000000084c00000, 0x0000000084d00000, 0x0000000084d00000|100%| O|  |TAMS 0x0000000084d00000, 0x0000000084c00000| Untracked 
|  77|0x0000000084d00000, 0x0000000084e00000, 0x0000000084e00000|100%| O|  |TAMS 0x0000000084e00000, 0x0000000084d00000| Untracked 
|  78|0x0000000084e00000, 0x0000000084ef4000, 0x0000000084f00000| 95%| O|  |TAMS 0x0000000084ef4000, 0x0000000084e00000| Untracked 
|  79|0x0000000084f00000, 0x0000000085000000, 0x0000000085000000|100%|HS|  |TAMS 0x0000000085000000, 0x0000000084f00000| Complete 
|  80|0x0000000085000000, 0x0000000085100000, 0x0000000085100000|100%|HC|  |TAMS 0x0000000085100000, 0x0000000085000000| Complete 
|  81|0x0000000085100000, 0x0000000085200000, 0x0000000085200000|100%|HC|  |TAMS 0x0000000085200000, 0x0000000085100000| Complete 
|  82|0x0000000085200000, 0x0000000085300000, 0x0000000085300000|100%| O|  |TAMS 0x0000000085300000, 0x0000000085200000| Untracked 
|  83|0x0000000085300000, 0x0000000085400000, 0x0000000085400000|100%| O|  |TAMS 0x0000000085400000, 0x0000000085300000| Untracked 
|  84|0x0000000085400000, 0x0000000085500000, 0x0000000085500000|100%| O|  |TAMS 0x0000000085500000, 0x0000000085400000| Untracked 
|  85|0x0000000085500000, 0x0000000085600000, 0x0000000085600000|100%| O|  |TAMS 0x0000000085600000, 0x0000000085500000| Untracked 
|  86|0x0000000085600000, 0x0000000085700000, 0x0000000085700000|100%| O|  |TAMS 0x0000000085700000, 0x0000000085600000| Untracked 
|  87|0x0000000085700000, 0x0000000085800000, 0x0000000085800000|100%| O|  |TAMS 0x0000000085800000, 0x0000000085700000| Untracked 
|  88|0x0000000085800000, 0x00000000858c3000, 0x0000000085900000| 76%| O|  |TAMS 0x0000000085800000, 0x0000000085800000| Untracked 
|  89|0x0000000085900000, 0x0000000085a00000, 0x0000000085a00000|100%| O|  |TAMS 0x0000000085900000, 0x0000000085900000| Untracked 
|  90|0x0000000085a00000, 0x0000000085b00000, 0x0000000085b00000|100%| O|  |TAMS 0x0000000085b00000, 0x0000000085a00000| Untracked 
|  91|0x0000000085b00000, 0x0000000085c00000, 0x0000000085c00000|100%| O|  |TAMS 0x0000000085c00000, 0x0000000085b00000| Untracked 
|  92|0x0000000085c00000, 0x0000000085d00000, 0x0000000085d00000|100%| O|  |TAMS 0x0000000085d00000, 0x0000000085c00000| Untracked 
|  93|0x0000000085d00000, 0x0000000085e00000, 0x0000000085e00000|100%| O|  |TAMS 0x0000000085e00000, 0x0000000085d00000| Untracked 
|  94|0x0000000085e00000, 0x0000000085f00000, 0x0000000085f00000|100%| O|  |TAMS 0x0000000085f00000, 0x0000000085e00000| Untracked 
|  95|0x0000000085f00000, 0x0000000086000000, 0x0000000086000000|100%| O|  |TAMS 0x0000000086000000, 0x0000000085f00000| Untracked 
|  96|0x0000000086000000, 0x0000000086100000, 0x0000000086100000|100%| O|  |TAMS 0x0000000086100000, 0x0000000086000000| Untracked 
|  97|0x0000000086100000, 0x0000000086200000, 0x0000000086200000|100%| O|  |TAMS 0x0000000086200000, 0x0000000086100000| Untracked 
|  98|0x0000000086200000, 0x0000000086300000, 0x0000000086300000|100%| O|  |TAMS 0x0000000086300000, 0x0000000086200000| Untracked 
|  99|0x0000000086300000, 0x0000000086400000, 0x0000000086400000|100%| O|  |TAMS 0x0000000086400000, 0x0000000086300000| Untracked 
| 100|0x0000000086400000, 0x0000000086500000, 0x0000000086500000|100%| O|  |TAMS 0x0000000086500000, 0x0000000086400000| Untracked 
| 101|0x0000000086500000, 0x0000000086600000, 0x0000000086600000|100%| O|  |TAMS 0x0000000086600000, 0x0000000086500000| Untracked 
| 102|0x0000000086600000, 0x0000000086700000, 0x0000000086700000|100%| O|  |TAMS 0x0000000086700000, 0x0000000086600000| Untracked 
| 103|0x0000000086700000, 0x0000000086800000, 0x0000000086800000|100%| O|  |TAMS 0x0000000086800000, 0x0000000086700000| Untracked 
| 104|0x0000000086800000, 0x0000000086900000, 0x0000000086900000|100%| O|  |TAMS 0x0000000086800000, 0x0000000086800000| Untracked 
| 105|0x0000000086900000, 0x0000000086a00000, 0x0000000086a00000|100%| O|  |TAMS 0x0000000086a00000, 0x0000000086900000| Untracked 
| 106|0x0000000086a00000, 0x0000000086b00000, 0x0000000086b00000|100%| O|  |TAMS 0x0000000086b00000, 0x0000000086a00000| Untracked 
| 107|0x0000000086b00000, 0x0000000086c00000, 0x0000000086c00000|100%| O|  |TAMS 0x0000000086c00000, 0x0000000086b00000| Untracked 
| 108|0x0000000086c00000, 0x0000000086d00000, 0x0000000086d00000|100%| O|  |TAMS 0x0000000086d00000, 0x0000000086c00000| Untracked 
| 109|0x0000000086d00000, 0x0000000086e00000, 0x0000000086e00000|100%| O|  |TAMS 0x0000000086e00000, 0x0000000086d00000| Untracked 
| 110|0x0000000086e00000, 0x0000000086f00000, 0x0000000086f00000|100%| O|  |TAMS 0x0000000086f00000, 0x0000000086e00000| Untracked 
| 111|0x0000000086f00000, 0x0000000087000000, 0x0000000087000000|100%| O|  |TAMS 0x0000000087000000, 0x0000000086f00000| Untracked 
| 112|0x0000000087000000, 0x0000000087100000, 0x0000000087100000|100%| O|  |TAMS 0x0000000087100000, 0x0000000087000000| Untracked 
| 113|0x0000000087100000, 0x0000000087200000, 0x0000000087200000|100%| O|  |TAMS 0x0000000087200000, 0x0000000087100000| Untracked 
| 114|0x0000000087200000, 0x0000000087300000, 0x0000000087300000|100%| O|  |TAMS 0x0000000087300000, 0x0000000087200000| Untracked 
| 115|0x0000000087300000, 0x0000000087400000, 0x0000000087400000|100%| O|  |TAMS 0x0000000087400000, 0x0000000087300000| Untracked 
| 116|0x0000000087400000, 0x0000000087500000, 0x0000000087500000|100%| O|  |TAMS 0x0000000087500000, 0x0000000087400000| Untracked 
| 117|0x0000000087500000, 0x0000000087600000, 0x0000000087600000|100%| O|  |TAMS 0x0000000087600000, 0x0000000087500000| Untracked 
| 118|0x0000000087600000, 0x0000000087700000, 0x0000000087700000|100%| O|  |TAMS 0x0000000087700000, 0x0000000087600000| Untracked 
| 119|0x0000000087700000, 0x0000000087800000, 0x0000000087800000|100%| O|  |TAMS 0x0000000087800000, 0x0000000087700000| Untracked 
| 120|0x0000000087800000, 0x0000000087800000, 0x0000000087900000|  0%| F|  |TAMS 0x0000000087800000, 0x0000000087800000| Untracked 
| 121|0x0000000087900000, 0x0000000087a00000, 0x0000000087a00000|100%| O|  |TAMS 0x0000000087a00000, 0x0000000087900000| Untracked 
| 122|0x0000000087a00000, 0x0000000087b00000, 0x0000000087b00000|100%| O|  |TAMS 0x0000000087b00000, 0x0000000087a00000| Untracked 
| 123|0x0000000087b00000, 0x0000000087c00000, 0x0000000087c00000|100%| O|  |TAMS 0x0000000087c00000, 0x0000000087b00000| Untracked 
| 124|0x0000000087c00000, 0x0000000087d00000, 0x0000000087d00000|100%| O|  |TAMS 0x0000000087d00000, 0x0000000087c00000| Untracked 
| 125|0x0000000087d00000, 0x0000000087e00000, 0x0000000087e00000|100%| O|  |TAMS 0x0000000087e00000, 0x0000000087d00000| Untracked 
| 126|0x0000000087e00000, 0x0000000087f00000, 0x0000000087f00000|100%| O|  |TAMS 0x0000000087f00000, 0x0000000087e00000| Untracked 
| 127|0x0000000087f00000, 0x0000000088000000, 0x0000000088000000|100%| O|  |TAMS 0x0000000088000000, 0x0000000087f00000| Untracked 
| 128|0x0000000088000000, 0x0000000088100000, 0x0000000088100000|100%| O|  |TAMS 0x0000000088100000, 0x0000000088000000| Untracked 
| 129|0x0000000088100000, 0x0000000088200000, 0x0000000088200000|100%| O|  |TAMS 0x0000000088200000, 0x0000000088100000| Untracked 
| 130|0x0000000088200000, 0x0000000088300000, 0x0000000088300000|100%| O|  |TAMS 0x0000000088300000, 0x0000000088200000| Untracked 
| 131|0x0000000088300000, 0x0000000088400000, 0x0000000088400000|100%| O|  |TAMS 0x0000000088400000, 0x0000000088300000| Untracked 
| 132|0x0000000088400000, 0x0000000088500000, 0x0000000088500000|100%| O|  |TAMS 0x0000000088500000, 0x0000000088400000| Untracked 
| 133|0x0000000088500000, 0x0000000088600000, 0x0000000088600000|100%| O|  |TAMS 0x0000000088600000, 0x0000000088500000| Untracked 
| 134|0x0000000088600000, 0x0000000088700000, 0x0000000088700000|100%| O|  |TAMS 0x0000000088700000, 0x0000000088600000| Untracked 
| 135|0x0000000088700000, 0x0000000088800000, 0x0000000088800000|100%| O|  |TAMS 0x0000000088800000, 0x0000000088700000| Untracked 
| 136|0x0000000088800000, 0x0000000088900000, 0x0000000088900000|100%| O|  |TAMS 0x0000000088900000, 0x0000000088800000| Untracked 
| 137|0x0000000088900000, 0x0000000088a00000, 0x0000000088a00000|100%| O|  |TAMS 0x0000000088a00000, 0x0000000088900000| Untracked 
| 138|0x0000000088a00000, 0x0000000088b00000, 0x0000000088b00000|100%| O|  |TAMS 0x0000000088b00000, 0x0000000088a00000| Untracked 
| 139|0x0000000088b00000, 0x0000000088c00000, 0x0000000088c00000|100%| O|  |TAMS 0x0000000088c00000, 0x0000000088b00000| Untracked 
| 140|0x0000000088c00000, 0x0000000088d00000, 0x0000000088d00000|100%| O|  |TAMS 0x0000000088d00000, 0x0000000088c00000| Untracked 
| 141|0x0000000088d00000, 0x0000000088e00000, 0x0000000088e00000|100%| O|  |TAMS 0x0000000088e00000, 0x0000000088d00000| Untracked 
| 142|0x0000000088e00000, 0x0000000088e00000, 0x0000000088f00000|  0%| F|  |TAMS 0x0000000088e00000, 0x0000000088e00000| Untracked 
| 143|0x0000000088f00000, 0x0000000089000000, 0x0000000089000000|100%| O|  |TAMS 0x0000000088fc9800, 0x0000000088f00000| Untracked 
| 144|0x0000000089000000, 0x0000000089100000, 0x0000000089100000|100%| O|  |TAMS 0x0000000089000000, 0x0000000089000000| Untracked 
| 145|0x0000000089100000, 0x0000000089200000, 0x0000000089200000|100%| O|  |TAMS 0x0000000089100000, 0x0000000089100000| Untracked 
| 146|0x0000000089200000, 0x0000000089300000, 0x0000000089300000|100%| O|  |TAMS 0x0000000089200000, 0x0000000089200000| Untracked 
| 147|0x0000000089300000, 0x0000000089400000, 0x0000000089400000|100%| O|  |TAMS 0x0000000089300000, 0x0000000089300000| Untracked 
| 148|0x0000000089400000, 0x0000000089500000, 0x0000000089500000|100%| O|  |TAMS 0x0000000089400000, 0x0000000089400000| Untracked 
| 149|0x0000000089500000, 0x0000000089600000, 0x0000000089600000|100%| O|  |TAMS 0x0000000089500000, 0x0000000089500000| Untracked 
| 150|0x0000000089600000, 0x0000000089700000, 0x0000000089700000|100%| O|  |TAMS 0x0000000089600000, 0x0000000089600000| Untracked 
| 151|0x0000000089700000, 0x0000000089800000, 0x0000000089800000|100%| O|  |TAMS 0x0000000089700000, 0x0000000089700000| Untracked 
| 152|0x0000000089800000, 0x0000000089800000, 0x0000000089900000|  0%| F|  |TAMS 0x0000000089800000, 0x0000000089800000| Untracked 
| 153|0x0000000089900000, 0x0000000089900000, 0x0000000089a00000|  0%| F|  |TAMS 0x0000000089900000, 0x0000000089900000| Untracked 
| 154|0x0000000089a00000, 0x0000000089a00000, 0x0000000089b00000|  0%| F|  |TAMS 0x0000000089a00000, 0x0000000089a00000| Untracked 
| 155|0x0000000089b00000, 0x0000000089b00000, 0x0000000089c00000|  0%| F|  |TAMS 0x0000000089b00000, 0x0000000089b00000| Untracked 
| 156|0x0000000089c00000, 0x0000000089c00000, 0x0000000089d00000|  0%| F|  |TAMS 0x0000000089c00000, 0x0000000089c00000| Untracked 
| 157|0x0000000089d00000, 0x0000000089d00000, 0x0000000089e00000|  0%| F|  |TAMS 0x0000000089d00000, 0x0000000089d00000| Untracked 
| 158|0x0000000089e00000, 0x0000000089e00000, 0x0000000089f00000|  0%| F|  |TAMS 0x0000000089e00000, 0x0000000089e00000| Untracked 
| 159|0x0000000089f00000, 0x0000000089f00000, 0x000000008a000000|  0%| F|  |TAMS 0x0000000089f00000, 0x0000000089f00000| Untracked 
| 160|0x000000008a000000, 0x000000008a000000, 0x000000008a100000|  0%| F|  |TAMS 0x000000008a000000, 0x000000008a000000| Untracked 
| 161|0x000000008a100000, 0x000000008a100000, 0x000000008a200000|  0%| F|  |TAMS 0x000000008a100000, 0x000000008a100000| Untracked 
| 162|0x000000008a200000, 0x000000008a200000, 0x000000008a300000|  0%| F|  |TAMS 0x000000008a200000, 0x000000008a200000| Untracked 
| 163|0x000000008a300000, 0x000000008a300000, 0x000000008a400000|  0%| F|  |TAMS 0x000000008a300000, 0x000000008a300000| Untracked 
| 164|0x000000008a400000, 0x000000008a400000, 0x000000008a500000|  0%| F|  |TAMS 0x000000008a400000, 0x000000008a400000| Untracked 
| 165|0x000000008a500000, 0x000000008a500000, 0x000000008a600000|  0%| F|  |TAMS 0x000000008a500000, 0x000000008a500000| Untracked 
| 166|0x000000008a600000, 0x000000008a600000, 0x000000008a700000|  0%| F|  |TAMS 0x000000008a600000, 0x000000008a600000| Untracked 
| 167|0x000000008a700000, 0x000000008a700000, 0x000000008a800000|  0%| F|  |TAMS 0x000000008a700000, 0x000000008a700000| Untracked 
| 168|0x000000008a800000, 0x000000008a800000, 0x000000008a900000|  0%| F|  |TAMS 0x000000008a800000, 0x000000008a800000| Untracked 
| 169|0x000000008a900000, 0x000000008a900000, 0x000000008aa00000|  0%| F|  |TAMS 0x000000008a900000, 0x000000008a900000| Untracked 
| 170|0x000000008aa00000, 0x000000008aa00000, 0x000000008ab00000|  0%| F|  |TAMS 0x000000008aa00000, 0x000000008aa00000| Untracked 
| 171|0x000000008ab00000, 0x000000008ab00000, 0x000000008ac00000|  0%| F|  |TAMS 0x000000008ab00000, 0x000000008ab00000| Untracked 
| 172|0x000000008ac00000, 0x000000008ac00000, 0x000000008ad00000|  0%| F|  |TAMS 0x000000008ac00000, 0x000000008ac00000| Untracked 
| 173|0x000000008ad00000, 0x000000008ad00000, 0x000000008ae00000|  0%| F|  |TAMS 0x000000008ad00000, 0x000000008ad00000| Untracked 
| 174|0x000000008ae00000, 0x000000008ae00000, 0x000000008af00000|  0%| F|  |TAMS 0x000000008ae00000, 0x000000008ae00000| Untracked 
| 175|0x000000008af00000, 0x000000008af00000, 0x000000008b000000|  0%| F|  |TAMS 0x000000008af00000, 0x000000008af00000| Untracked 
| 176|0x000000008b000000, 0x000000008b000000, 0x000000008b100000|  0%| F|  |TAMS 0x000000008b000000, 0x000000008b000000| Untracked 
| 177|0x000000008b100000, 0x000000008b100000, 0x000000008b200000|  0%| F|  |TAMS 0x000000008b100000, 0x000000008b100000| Untracked 
| 178|0x000000008b200000, 0x000000008b200000, 0x000000008b300000|  0%| F|  |TAMS 0x000000008b200000, 0x000000008b200000| Untracked 
| 179|0x000000008b300000, 0x000000008b300000, 0x000000008b400000|  0%| F|  |TAMS 0x000000008b300000, 0x000000008b300000| Untracked 
| 180|0x000000008b400000, 0x000000008b400000, 0x000000008b500000|  0%| F|  |TAMS 0x000000008b400000, 0x000000008b400000| Untracked 
| 181|0x000000008b500000, 0x000000008b500000, 0x000000008b600000|  0%| F|  |TAMS 0x000000008b500000, 0x000000008b500000| Untracked 
| 182|0x000000008b600000, 0x000000008b600000, 0x000000008b700000|  0%| F|  |TAMS 0x000000008b600000, 0x000000008b600000| Untracked 
| 183|0x000000008b700000, 0x000000008b800000, 0x000000008b800000|100%| S|CS|TAMS 0x000000008b700000, 0x000000008b700000| Complete 
| 184|0x000000008b800000, 0x000000008b900000, 0x000000008b900000|100%| S|CS|TAMS 0x000000008b800000, 0x000000008b800000| Complete 
| 185|0x000000008b900000, 0x000000008ba00000, 0x000000008ba00000|100%| S|CS|TAMS 0x000000008b900000, 0x000000008b900000| Complete 
| 186|0x000000008ba00000, 0x000000008bb00000, 0x000000008bb00000|100%| S|CS|TAMS 0x000000008ba00000, 0x000000008ba00000| Complete 
| 187|0x000000008bb00000, 0x000000008bc00000, 0x000000008bc00000|100%| S|CS|TAMS 0x000000008bb00000, 0x000000008bb00000| Complete 
| 188|0x000000008bc00000, 0x000000008bd00000, 0x000000008bd00000|100%| S|CS|TAMS 0x000000008bc00000, 0x000000008bc00000| Complete 
| 189|0x000000008bd00000, 0x000000008be00000, 0x000000008be00000|100%| S|CS|TAMS 0x000000008bd00000, 0x000000008bd00000| Complete 
| 190|0x000000008be00000, 0x000000008bf00000, 0x000000008bf00000|100%| S|CS|TAMS 0x000000008be00000, 0x000000008be00000| Complete 
| 191|0x000000008bf00000, 0x000000008c000000, 0x000000008c000000|100%| S|CS|TAMS 0x000000008bf00000, 0x000000008bf00000| Complete 
| 192|0x000000008c000000, 0x000000008c100000, 0x000000008c100000|100%| S|CS|TAMS 0x000000008c000000, 0x000000008c000000| Complete 
| 193|0x000000008c100000, 0x000000008c200000, 0x000000008c200000|100%| S|CS|TAMS 0x000000008c100000, 0x000000008c100000| Complete 
| 194|0x000000008c200000, 0x000000008c200000, 0x000000008c300000|  0%| F|  |TAMS 0x000000008c200000, 0x000000008c200000| Untracked 
| 195|0x000000008c300000, 0x000000008c300000, 0x000000008c400000|  0%| F|  |TAMS 0x000000008c300000, 0x000000008c300000| Untracked 
| 196|0x000000008c400000, 0x000000008c400000, 0x000000008c500000|  0%| F|  |TAMS 0x000000008c400000, 0x000000008c400000| Untracked 
| 197|0x000000008c500000, 0x000000008c500000, 0x000000008c600000|  0%| F|  |TAMS 0x000000008c500000, 0x000000008c500000| Untracked 
| 198|0x000000008c600000, 0x000000008c600000, 0x000000008c700000|  0%| F|  |TAMS 0x000000008c600000, 0x000000008c600000| Untracked 
| 199|0x000000008c700000, 0x000000008c700000, 0x000000008c800000|  0%| F|  |TAMS 0x000000008c700000, 0x000000008c700000| Untracked 
| 200|0x000000008c800000, 0x000000008c800000, 0x000000008c900000|  0%| F|  |TAMS 0x000000008c800000, 0x000000008c800000| Untracked 
| 201|0x000000008c900000, 0x000000008c900000, 0x000000008ca00000|  0%| F|  |TAMS 0x000000008c900000, 0x000000008c900000| Untracked 
| 202|0x000000008ca00000, 0x000000008ca00000, 0x000000008cb00000|  0%| F|  |TAMS 0x000000008ca00000, 0x000000008ca00000| Untracked 
| 203|0x000000008cb00000, 0x000000008cb00000, 0x000000008cc00000|  0%| F|  |TAMS 0x000000008cb00000, 0x000000008cb00000| Untracked 
| 204|0x000000008cc00000, 0x000000008cc00000, 0x000000008cd00000|  0%| F|  |TAMS 0x000000008cc00000, 0x000000008cc00000| Untracked 
| 205|0x000000008cd00000, 0x000000008cd00000, 0x000000008ce00000|  0%| F|  |TAMS 0x000000008cd00000, 0x000000008cd00000| Untracked 
| 206|0x000000008ce00000, 0x000000008ce00000, 0x000000008cf00000|  0%| F|  |TAMS 0x000000008ce00000, 0x000000008ce00000| Untracked 
| 207|0x000000008cf00000, 0x000000008cf00000, 0x000000008d000000|  0%| F|  |TAMS 0x000000008cf00000, 0x000000008cf00000| Untracked 
| 208|0x000000008d000000, 0x000000008d000000, 0x000000008d100000|  0%| F|  |TAMS 0x000000008d000000, 0x000000008d000000| Untracked 
| 209|0x000000008d100000, 0x000000008d100000, 0x000000008d200000|  0%| F|  |TAMS 0x000000008d100000, 0x000000008d100000| Untracked 
| 210|0x000000008d200000, 0x000000008d200000, 0x000000008d300000|  0%| F|  |TAMS 0x000000008d200000, 0x000000008d200000| Untracked 
| 211|0x000000008d300000, 0x000000008d300000, 0x000000008d400000|  0%| F|  |TAMS 0x000000008d300000, 0x000000008d300000| Untracked 
| 212|0x000000008d400000, 0x000000008d400000, 0x000000008d500000|  0%| F|  |TAMS 0x000000008d400000, 0x000000008d400000| Untracked 
| 213|0x000000008d500000, 0x000000008d500000, 0x000000008d600000|  0%| F|  |TAMS 0x000000008d500000, 0x000000008d500000| Untracked 
| 214|0x000000008d600000, 0x000000008d600000, 0x000000008d700000|  0%| F|  |TAMS 0x000000008d600000, 0x000000008d600000| Untracked 
| 215|0x000000008d700000, 0x000000008d700000, 0x000000008d800000|  0%| F|  |TAMS 0x000000008d700000, 0x000000008d700000| Untracked 
| 216|0x000000008d800000, 0x000000008d800000, 0x000000008d900000|  0%| F|  |TAMS 0x000000008d800000, 0x000000008d800000| Untracked 
| 217|0x000000008d900000, 0x000000008d900000, 0x000000008da00000|  0%| F|  |TAMS 0x000000008d900000, 0x000000008d900000| Untracked 
| 218|0x000000008da00000, 0x000000008da00000, 0x000000008db00000|  0%| F|  |TAMS 0x000000008da00000, 0x000000008da00000| Untracked 
| 219|0x000000008db00000, 0x000000008db00000, 0x000000008dc00000|  0%| F|  |TAMS 0x000000008db00000, 0x000000008db00000| Untracked 
| 220|0x000000008dc00000, 0x000000008dc00000, 0x000000008dd00000|  0%| F|  |TAMS 0x000000008dc00000, 0x000000008dc00000| Untracked 
| 221|0x000000008dd00000, 0x000000008dd00000, 0x000000008de00000|  0%| F|  |TAMS 0x000000008dd00000, 0x000000008dd00000| Untracked 
| 222|0x000000008de00000, 0x000000008de00000, 0x000000008df00000|  0%| F|  |TAMS 0x000000008de00000, 0x000000008de00000| Untracked 
| 223|0x000000008df00000, 0x000000008df00000, 0x000000008e000000|  0%| F|  |TAMS 0x000000008df00000, 0x000000008df00000| Untracked 
| 224|0x000000008e000000, 0x000000008e000000, 0x000000008e100000|  0%| F|  |TAMS 0x000000008e000000, 0x000000008e000000| Untracked 
| 225|0x000000008e100000, 0x000000008e100000, 0x000000008e200000|  0%| F|  |TAMS 0x000000008e100000, 0x000000008e100000| Untracked 
| 226|0x000000008e200000, 0x000000008e200000, 0x000000008e300000|  0%| F|  |TAMS 0x000000008e200000, 0x000000008e200000| Untracked 
| 227|0x000000008e300000, 0x000000008e300000, 0x000000008e400000|  0%| F|  |TAMS 0x000000008e300000, 0x000000008e300000| Untracked 
| 228|0x000000008e400000, 0x000000008e400000, 0x000000008e500000|  0%| F|  |TAMS 0x000000008e400000, 0x000000008e400000| Untracked 
| 229|0x000000008e500000, 0x000000008e500000, 0x000000008e600000|  0%| F|  |TAMS 0x000000008e500000, 0x000000008e500000| Untracked 
| 230|0x000000008e600000, 0x000000008e600000, 0x000000008e700000|  0%| F|  |TAMS 0x000000008e600000, 0x000000008e600000| Untracked 
| 231|0x000000008e700000, 0x000000008e700000, 0x000000008e800000|  0%| F|  |TAMS 0x000000008e700000, 0x000000008e700000| Untracked 
| 232|0x000000008e800000, 0x000000008e800000, 0x000000008e900000|  0%| F|  |TAMS 0x000000008e800000, 0x000000008e800000| Untracked 
| 233|0x000000008e900000, 0x000000008e900000, 0x000000008ea00000|  0%| F|  |TAMS 0x000000008e900000, 0x000000008e900000| Untracked 
| 234|0x000000008ea00000, 0x000000008ea00000, 0x000000008eb00000|  0%| F|  |TAMS 0x000000008ea00000, 0x000000008ea00000| Untracked 
| 235|0x000000008eb00000, 0x000000008eb00000, 0x000000008ec00000|  0%| F|  |TAMS 0x000000008eb00000, 0x000000008eb00000| Untracked 
| 236|0x000000008ec00000, 0x000000008ec00000, 0x000000008ed00000|  0%| F|  |TAMS 0x000000008ec00000, 0x000000008ec00000| Untracked 
| 237|0x000000008ed00000, 0x000000008ed00000, 0x000000008ee00000|  0%| F|  |TAMS 0x000000008ed00000, 0x000000008ed00000| Untracked 
| 238|0x000000008ee00000, 0x000000008ee00000, 0x000000008ef00000|  0%| F|  |TAMS 0x000000008ee00000, 0x000000008ee00000| Untracked 
| 239|0x000000008ef00000, 0x000000008ef00000, 0x000000008f000000|  0%| F|  |TAMS 0x000000008ef00000, 0x000000008ef00000| Untracked 
| 240|0x000000008f000000, 0x000000008f000000, 0x000000008f100000|  0%| F|  |TAMS 0x000000008f000000, 0x000000008f000000| Untracked 
| 241|0x000000008f100000, 0x000000008f100000, 0x000000008f200000|  0%| F|  |TAMS 0x000000008f100000, 0x000000008f100000| Untracked 
| 242|0x000000008f200000, 0x000000008f200000, 0x000000008f300000|  0%| F|  |TAMS 0x000000008f200000, 0x000000008f200000| Untracked 
| 243|0x000000008f300000, 0x000000008f300000, 0x000000008f400000|  0%| F|  |TAMS 0x000000008f300000, 0x000000008f300000| Untracked 
| 244|0x000000008f400000, 0x000000008f400000, 0x000000008f500000|  0%| F|  |TAMS 0x000000008f400000, 0x000000008f400000| Untracked 
| 245|0x000000008f500000, 0x000000008f500000, 0x000000008f600000|  0%| F|  |TAMS 0x000000008f500000, 0x000000008f500000| Untracked 
| 246|0x000000008f600000, 0x000000008f600000, 0x000000008f700000|  0%| F|  |TAMS 0x000000008f600000, 0x000000008f600000| Untracked 
| 247|0x000000008f700000, 0x000000008f700000, 0x000000008f800000|  0%| F|  |TAMS 0x000000008f700000, 0x000000008f700000| Untracked 
| 248|0x000000008f800000, 0x000000008f800000, 0x000000008f900000|  0%| F|  |TAMS 0x000000008f800000, 0x000000008f800000| Untracked 
| 249|0x000000008f900000, 0x000000008f900000, 0x000000008fa00000|  0%| F|  |TAMS 0x000000008f900000, 0x000000008f900000| Untracked 
| 250|0x000000008fa00000, 0x000000008fa00000, 0x000000008fb00000|  0%| F|  |TAMS 0x000000008fa00000, 0x000000008fa00000| Untracked 
| 251|0x000000008fb00000, 0x000000008fb00000, 0x000000008fc00000|  0%| F|  |TAMS 0x000000008fb00000, 0x000000008fb00000| Untracked 
| 252|0x000000008fc00000, 0x000000008fc00000, 0x000000008fd00000|  0%| F|  |TAMS 0x000000008fc00000, 0x000000008fc00000| Untracked 
| 253|0x000000008fd00000, 0x000000008fd00000, 0x000000008fe00000|  0%| F|  |TAMS 0x000000008fd00000, 0x000000008fd00000| Untracked 
| 254|0x000000008fe00000, 0x000000008fe00000, 0x000000008ff00000|  0%| F|  |TAMS 0x000000008fe00000, 0x000000008fe00000| Untracked 
| 255|0x000000008ff00000, 0x000000008ff00000, 0x0000000090000000|  0%| F|  |TAMS 0x000000008ff00000, 0x000000008ff00000| Untracked 
| 256|0x0000000090000000, 0x0000000090000000, 0x0000000090100000|  0%| F|  |TAMS 0x0000000090000000, 0x0000000090000000| Untracked 
| 257|0x0000000090100000, 0x0000000090100000, 0x0000000090200000|  0%| F|  |TAMS 0x0000000090100000, 0x0000000090100000| Untracked 
| 258|0x0000000090200000, 0x0000000090200000, 0x0000000090300000|  0%| F|  |TAMS 0x0000000090200000, 0x0000000090200000| Untracked 
| 259|0x0000000090300000, 0x0000000090300000, 0x0000000090400000|  0%| F|  |TAMS 0x0000000090300000, 0x0000000090300000| Untracked 
| 260|0x0000000090400000, 0x0000000090400000, 0x0000000090500000|  0%| F|  |TAMS 0x0000000090400000, 0x0000000090400000| Untracked 
| 261|0x0000000090500000, 0x0000000090500000, 0x0000000090600000|  0%| F|  |TAMS 0x0000000090500000, 0x0000000090500000| Untracked 
| 262|0x0000000090600000, 0x0000000090600000, 0x0000000090700000|  0%| F|  |TAMS 0x0000000090600000, 0x0000000090600000| Untracked 
| 263|0x0000000090700000, 0x0000000090700000, 0x0000000090800000|  0%| F|  |TAMS 0x0000000090700000, 0x0000000090700000| Untracked 
| 264|0x0000000090800000, 0x0000000090800000, 0x0000000090900000|  0%| F|  |TAMS 0x0000000090800000, 0x0000000090800000| Untracked 
| 265|0x0000000090900000, 0x0000000090900000, 0x0000000090a00000|  0%| F|  |TAMS 0x0000000090900000, 0x0000000090900000| Untracked 
| 266|0x0000000090a00000, 0x0000000090a00000, 0x0000000090b00000|  0%| F|  |TAMS 0x0000000090a00000, 0x0000000090a00000| Untracked 
| 267|0x0000000090b00000, 0x0000000090b00000, 0x0000000090c00000|  0%| F|  |TAMS 0x0000000090b00000, 0x0000000090b00000| Untracked 
| 268|0x0000000090c00000, 0x0000000090c00000, 0x0000000090d00000|  0%| F|  |TAMS 0x0000000090c00000, 0x0000000090c00000| Untracked 
| 269|0x0000000090d00000, 0x0000000090d00000, 0x0000000090e00000|  0%| F|  |TAMS 0x0000000090d00000, 0x0000000090d00000| Untracked 
| 270|0x0000000090e00000, 0x0000000090e00000, 0x0000000090f00000|  0%| F|  |TAMS 0x0000000090e00000, 0x0000000090e00000| Untracked 
| 271|0x0000000090f00000, 0x0000000090f00000, 0x0000000091000000|  0%| F|  |TAMS 0x0000000090f00000, 0x0000000090f00000| Untracked 
| 272|0x0000000091000000, 0x0000000091000000, 0x0000000091100000|  0%| F|  |TAMS 0x0000000091000000, 0x0000000091000000| Untracked 
| 273|0x0000000091100000, 0x0000000091100000, 0x0000000091200000|  0%| F|  |TAMS 0x0000000091100000, 0x0000000091100000| Untracked 
| 274|0x0000000091200000, 0x0000000091200000, 0x0000000091300000|  0%| F|  |TAMS 0x0000000091200000, 0x0000000091200000| Untracked 
| 275|0x0000000091300000, 0x0000000091300000, 0x0000000091400000|  0%| F|  |TAMS 0x0000000091300000, 0x0000000091300000| Untracked 
| 276|0x0000000091400000, 0x0000000091400000, 0x0000000091500000|  0%| F|  |TAMS 0x0000000091400000, 0x0000000091400000| Untracked 
| 277|0x0000000091500000, 0x0000000091500000, 0x0000000091600000|  0%| F|  |TAMS 0x0000000091500000, 0x0000000091500000| Untracked 
| 278|0x0000000091600000, 0x0000000091600000, 0x0000000091700000|  0%| F|  |TAMS 0x0000000091600000, 0x0000000091600000| Untracked 
| 279|0x0000000091700000, 0x0000000091700000, 0x0000000091800000|  0%| F|  |TAMS 0x0000000091700000, 0x0000000091700000| Untracked 
| 280|0x0000000091800000, 0x0000000091800000, 0x0000000091900000|  0%| F|  |TAMS 0x0000000091800000, 0x0000000091800000| Untracked 
| 281|0x0000000091900000, 0x0000000091900000, 0x0000000091a00000|  0%| F|  |TAMS 0x0000000091900000, 0x0000000091900000| Untracked 
| 282|0x0000000091a00000, 0x0000000091a00000, 0x0000000091b00000|  0%| F|  |TAMS 0x0000000091a00000, 0x0000000091a00000| Untracked 
| 283|0x0000000091b00000, 0x0000000091b00000, 0x0000000091c00000|  0%| F|  |TAMS 0x0000000091b00000, 0x0000000091b00000| Untracked 
| 284|0x0000000091c00000, 0x0000000091c00000, 0x0000000091d00000|  0%| F|  |TAMS 0x0000000091c00000, 0x0000000091c00000| Untracked 
| 285|0x0000000091d00000, 0x0000000091d00000, 0x0000000091e00000|  0%| F|  |TAMS 0x0000000091d00000, 0x0000000091d00000| Untracked 
| 286|0x0000000091e00000, 0x0000000091e00000, 0x0000000091f00000|  0%| F|  |TAMS 0x0000000091e00000, 0x0000000091e00000| Untracked 
| 287|0x0000000091f00000, 0x0000000091f00000, 0x0000000092000000|  0%| F|  |TAMS 0x0000000091f00000, 0x0000000091f00000| Untracked 
| 288|0x0000000092000000, 0x0000000092000000, 0x0000000092100000|  0%| F|  |TAMS 0x0000000092000000, 0x0000000092000000| Untracked 
| 289|0x0000000092100000, 0x0000000092100000, 0x0000000092200000|  0%| F|  |TAMS 0x0000000092100000, 0x0000000092100000| Untracked 

Card table byte_map: [0x000001ec44f00000,0x000001ec45300000] _byte_map_base: 0x000001ec44b00000

Marking Bits (Prev, Next): (CMBitMap*) 0x000001ec2d812ef0, (CMBitMap*) 0x000001ec2d812eb0
 Prev Bits: [0x000001ec47700000, 0x000001ec49700000)
 Next Bits: [0x000001ec45700000, 0x000001ec47700000)

Polling page: 0x000001ec2bf30000

Metaspace:

Usage:
  Non-class:     88.57 MB used.
      Class:     14.35 MB used.
       Both:    102.92 MB used.

Virtual space:
  Non-class space:       96.00 MB reserved,      89.12 MB ( 93%) committed,  12 nodes.
      Class space:        1.00 GB reserved,      14.94 MB (  1%) committed,  1 nodes.
             Both:        1.09 GB reserved,     104.06 MB (  9%) committed. 

Chunk freelists:
   Non-Class:  2.62 MB
       Class:  1.02 MB
        Both:  3.64 MB

MaxMetaspaceSize: unlimited
CompressedClassSpaceSize: 1.00 GB
Initial GC threshold: 21.00 MB
Current GC threshold: 170.12 MB
CDS: on
MetaspaceReclaimPolicy: balanced
 - commit_granule_bytes: 65536.
 - commit_granule_words: 8192.
 - virtual_space_node_default_size: 1048576.
 - enlarge_chunks_in_place: 1.
 - new_chunks_are_fully_committed: 0.
 - uncommit_free_chunks: 1.
 - use_allocation_guard: 0.
 - handle_deallocations: 1.


Internal statistics:

num_allocs_failed_limit: 9.
num_arena_births: 1844.
num_arena_deaths: 0.
num_vsnodes_births: 13.
num_vsnodes_deaths: 0.
num_space_committed: 1665.
num_space_uncommitted: 0.
num_chunks_returned_to_freelist: 9.
num_chunks_taken_from_freelist: 6685.
num_chunk_merges: 9.
num_chunk_splits: 4197.
num_chunks_enlarged: 2539.
num_purges: 0.
num_inconsistent_stats: 0.

CodeHeap 'non-profiled nmethods': size=120000Kb used=10488Kb max_used=11038Kb free=109512Kb
 bounds [0x000001ec3cb60000, 0x000001ec3d630000, 0x000001ec44090000]
CodeHeap 'profiled nmethods': size=120000Kb used=26160Kb max_used=26452Kb free=93839Kb
 bounds [0x000001ec35630000, 0x000001ec37010000, 0x000001ec3cb60000]
CodeHeap 'non-nmethods': size=5760Kb used=2462Kb max_used=2542Kb free=3298Kb
 bounds [0x000001ec35090000, 0x000001ec35320000, 0x000001ec35630000]
 total_blobs=14722 nmethods=13728 adapters=905
 compilation: enabled
              stopped_count=0, restarted_count=0
 full_count=0

Compilation events (20 events):
Event: 106.033 Thread 0x000001ec4c13a140 16757       3       org.gradle.api.internal.tasks.PropertyFileCollection::visitChildren (11 bytes)
Event: 106.033 Thread 0x000001ec4c13a140 nmethod 16757 0x000001ec363e0b10 code [0x000001ec363e0cc0, 0x000001ec363e0ea8]
Event: 106.034 Thread 0x000001ec4c13a140 16758       1       org.gradle.execution.plan.LocalTaskNode::getTaskProperties (5 bytes)
Event: 106.034 Thread 0x000001ec4c13a140 nmethod 16758 0x000001ec3d2f1410 code [0x000001ec3d2f15a0, 0x000001ec3d2f1678]
Event: 106.034 Thread 0x000001ec4c13a140 16759  s    3       org.gradle.execution.plan.ExecutionNodeAccessHierarchy::recordNodeAccessingLocations (59 bytes)
Event: 106.035 Thread 0x000001ec4c13a140 nmethod 16759 0x000001ec363dfa90 code [0x000001ec363dfce0, 0x000001ec363e0798]
Event: 106.035 Thread 0x000001ec4c13a140 16760       3       org.gradle.execution.plan.Node::isRequired (16 bytes)
Event: 106.036 Thread 0x000001ec4c13a140 nmethod 16760 0x000001ec36ce1310 code [0x000001ec36ce14a0, 0x000001ec36ce1618]
Event: 106.038 Thread 0x000001ec4c13a140 16761       1       org.gradle.execution.plan.ExecutionNodeAccessHierarchy$DefaultNodeAccess::getNode (5 bytes)
Event: 106.038 Thread 0x000001ec4c13a140 nmethod 16761 0x000001ec3d2f1110 code [0x000001ec3d2f12a0, 0x000001ec3d2f1378]
Event: 106.039 Thread 0x000001ec4c13a140 16762       3       org.gradle.tooling.internal.provider.runner.OperationDependenciesResolver$$Lambda$1773/0x00000008019b86a0::<init> (10 bytes)
Event: 106.039 Thread 0x000001ec4c13a140 nmethod 16762 0x000001ec363df690 code [0x000001ec363df820, 0x000001ec363df9d8]
Event: 106.039 Thread 0x000001ec4c13a140 16763       3       org.gradle.tooling.internal.provider.runner.TransformOperationMapper::lookupExistingOperationDescriptor (23 bytes)
Event: 106.039 Thread 0x000001ec4c13a140 nmethod 16763 0x000001ec363def90 code [0x000001ec363df160, 0x000001ec363df5a8]
Event: 106.040 Thread 0x000001ec4c13a140 16764       3       org.gradle.tooling.internal.provider.runner.TaskOperationMapper::lookupExistingOperationDescriptor (36 bytes)
Event: 106.040 Thread 0x000001ec4c13a140 nmethod 16764 0x000001ec36c37810 code [0x000001ec36c379e0, 0x000001ec36c38048]
Event: 106.041 Thread 0x000001ec4c13a140 16765       3       org.gradle.tooling.internal.provider.runner.OperationDependenciesResolver$$Lambda$1771/0x00000008019b8240::test (8 bytes)
Event: 106.041 Thread 0x000001ec4c13a140 nmethod 16765 0x000001ec363dea10 code [0x000001ec363debc0, 0x000001ec363dee98]
Event: 106.041 Thread 0x000001ec4c13a140 16766       3       org.gradle.api.internal.project.taskfactory.TaskIdentity::hashCode (14 bytes)
Event: 106.041 Thread 0x000001ec4c13a140 nmethod 16766 0x000001ec36de8e90 code [0x000001ec36de9020, 0x000001ec36de9138]

GC Heap History (20 events):
Event: 38.910 GC heap after
{Heap after GC invocations=32 (full 0):
 garbage-first heap   total 286720K, used 129639K [0x0000000080000000, 0x0000000100000000)
  region size 1024K, 6 young (6144K), 6 survivors (6144K)
 Metaspace       used 98324K, committed 99264K, reserved 1138688K
  class space    used 13737K, committed 14208K, reserved 1048576K
}
Event: 39.955 GC heap before
{Heap before GC invocations=32 (full 0):
 garbage-first heap   total 286720K, used 228967K [0x0000000080000000, 0x0000000100000000)
  region size 1024K, 104 young (106496K), 6 survivors (6144K)
 Metaspace       used 98874K, committed 99840K, reserved 1138688K
  class space    used 13843K, committed 14272K, reserved 1048576K
}
Event: 39.974 GC heap after
{Heap after GC invocations=33 (full 0):
 garbage-first heap   total 286720K, used 133319K [0x0000000080000000, 0x0000000100000000)
  region size 1024K, 10 young (10240K), 10 survivors (10240K)
 Metaspace       used 98874K, committed 99840K, reserved 1138688K
  class space    used 13843K, committed 14272K, reserved 1048576K
}
Event: 41.245 GC heap before
{Heap before GC invocations=33 (full 0):
 garbage-first heap   total 286720K, used 230599K [0x0000000080000000, 0x0000000100000000)
  region size 1024K, 106 young (108544K), 10 survivors (10240K)
 Metaspace       used 99188K, committed 100160K, reserved 1138688K
  class space    used 13866K, committed 14336K, reserved 1048576K
}
Event: 41.256 GC heap after
{Heap after GC invocations=34 (full 0):
 garbage-first heap   total 286720K, used 137914K [0x0000000080000000, 0x0000000100000000)
  region size 1024K, 11 young (11264K), 11 survivors (11264K)
 Metaspace       used 99188K, committed 100160K, reserved 1138688K
  class space    used 13866K, committed 14336K, reserved 1048576K
}
Event: 41.886 GC heap before
{Heap before GC invocations=34 (full 0):
 garbage-first heap   total 286720K, used 232122K [0x0000000080000000, 0x0000000100000000)
  region size 1024K, 104 young (106496K), 11 survivors (11264K)
 Metaspace       used 99452K, committed 100416K, reserved 1138688K
  class space    used 13899K, committed 14336K, reserved 1048576K
}
Event: 41.897 GC heap after
{Heap after GC invocations=35 (full 0):
 garbage-first heap   total 286720K, used 141335K [0x0000000080000000, 0x0000000100000000)
  region size 1024K, 7 young (7168K), 7 survivors (7168K)
 Metaspace       used 99452K, committed 100416K, reserved 1138688K
  class space    used 13899K, committed 14336K, reserved 1048576K
}
Event: 44.086 GC heap before
{Heap before GC invocations=35 (full 0):
 garbage-first heap   total 286720K, used 233495K [0x0000000080000000, 0x0000000100000000)
  region size 1024K, 98 young (100352K), 7 survivors (7168K)
 Metaspace       used 103477K, committed 104512K, reserved 1138688K
  class space    used 14423K, committed 14912K, reserved 1048576K
}
Event: 44.098 GC heap after
{Heap after GC invocations=36 (full 0):
 garbage-first heap   total 286720K, used 146373K [0x0000000080000000, 0x0000000100000000)
  region size 1024K, 12 young (12288K), 12 survivors (12288K)
 Metaspace       used 103477K, committed 104512K, reserved 1138688K
  class space    used 14423K, committed 14912K, reserved 1048576K
}
Event: 44.775 GC heap before
{Heap before GC invocations=37 (full 0):
 garbage-first heap   total 286720K, used 233413K [0x0000000080000000, 0x0000000100000000)
  region size 1024K, 98 young (100352K), 12 survivors (12288K)
 Metaspace       used 103489K, committed 104640K, reserved 1146880K
  class space    used 14427K, committed 14976K, reserved 1048576K
}
Event: 44.790 GC heap after
{Heap after GC invocations=38 (full 0):
 garbage-first heap   total 286720K, used 148573K [0x0000000080000000, 0x0000000100000000)
  region size 1024K, 5 young (5120K), 5 survivors (5120K)
 Metaspace       used 103489K, committed 104640K, reserved 1146880K
  class space    used 14427K, committed 14976K, reserved 1048576K
}
Event: 44.832 GC heap before
{Heap before GC invocations=38 (full 0):
 garbage-first heap   total 286720K, used 156765K [0x0000000080000000, 0x0000000100000000)
  region size 1024K, 14 young (14336K), 5 survivors (5120K)
 Metaspace       used 103489K, committed 104640K, reserved 1146880K
  class space    used 14427K, committed 14976K, reserved 1048576K
}
Event: 44.838 GC heap after
{Heap after GC invocations=39 (full 0):
 garbage-first heap   total 286720K, used 146166K [0x0000000080000000, 0x0000000100000000)
  region size 1024K, 2 young (2048K), 2 survivors (2048K)
 Metaspace       used 103489K, committed 104640K, reserved 1146880K
  class space    used 14427K, committed 14976K, reserved 1048576K
}
Event: 45.363 GC heap before
{Heap before GC invocations=39 (full 0):
 garbage-first heap   total 286720K, used 236278K [0x0000000080000000, 0x0000000100000000)
  region size 1024K, 91 young (93184K), 2 survivors (2048K)
 Metaspace       used 103494K, committed 104640K, reserved 1146880K
  class space    used 14427K, committed 14976K, reserved 1048576K
}
Event: 45.371 GC heap after
{Heap after GC invocations=40 (full 0):
 garbage-first heap   total 286720K, used 148929K [0x0000000080000000, 0x0000000100000000)
  region size 1024K, 5 young (5120K), 5 survivors (5120K)
 Metaspace       used 103494K, committed 104640K, reserved 1146880K
  class space    used 14427K, committed 14976K, reserved 1048576K
}
Event: 100.400 GC heap before
{Heap before GC invocations=41 (full 0):
 garbage-first heap   total 286720K, used 239041K [0x0000000080000000, 0x0000000100000000)
  region size 1024K, 93 young (95232K), 5 survivors (5120K)
 Metaspace       used 104944K, committed 106112K, reserved 1146880K
  class space    used 14674K, committed 15296K, reserved 1048576K
}
Event: 100.466 GC heap after
{Heap after GC invocations=42 (full 0):
 garbage-first heap   total 286720K, used 154275K [0x0000000080000000, 0x0000000100000000)
  region size 1024K, 10 young (10240K), 10 survivors (10240K)
 Metaspace       used 104944K, committed 106112K, reserved 1146880K
  class space    used 14674K, committed 15296K, reserved 1048576K
}
Event: 100.479 GC heap before
{Heap before GC invocations=42 (full 0):
 garbage-first heap   total 286720K, used 158371K [0x0000000080000000, 0x0000000100000000)
  region size 1024K, 14 young (14336K), 10 survivors (10240K)
 Metaspace       used 104945K, committed 106112K, reserved 1146880K
  class space    used 14674K, committed 15296K, reserved 1048576K
}
Event: 100.509 GC heap after
{Heap after GC invocations=43 (full 0):
 garbage-first heap   total 286720K, used 153669K [0x0000000080000000, 0x0000000100000000)
  region size 1024K, 2 young (2048K), 2 survivors (2048K)
 Metaspace       used 104945K, committed 106112K, reserved 1146880K
  class space    used 14674K, committed 15296K, reserved 1048576K
}
Event: 106.045 GC heap before
{Heap before GC invocations=43 (full 0):
 garbage-first heap   total 286720K, used 239685K [0x0000000080000000, 0x0000000100000000)
  region size 1024K, 86 young (88064K), 2 survivors (2048K)
 Metaspace       used 105391K, committed 106560K, reserved 1146880K
  class space    used 14691K, committed 15296K, reserved 1048576K
}

Deoptimization events (20 events):
Event: 101.253 Thread 0x000001ec4eb8a8a0 Uncommon trap: trap_request=0xffffff45 fr.pc=0x000001ec3cf012e8 relative=0x0000000000002108
Event: 101.253 Thread 0x000001ec4eb8a8a0 Uncommon trap: reason=unstable_if action=reinterpret pc=0x000001ec3cf012e8 method=com.google.common.collect.MapMakerInternalMap$Segment.getEntry(Ljava/lang/Object;I)Lcom/google/common/collect/MapMakerInternalMap$InternalEntry; @ 40 c2
Event: 101.253 Thread 0x000001ec4eb8a8a0 DEOPT PACKING pc=0x000001ec3cf012e8 sp=0x0000008d982f8790
Event: 101.253 Thread 0x000001ec4eb8a8a0 DEOPT UNPACKING pc=0x000001ec350e5c23 sp=0x0000008d982f85e8 mode 2
Event: 101.254 Thread 0x000001ec4eb8a8a0 Uncommon trap: trap_request=0xffffff45 fr.pc=0x000001ec3cef45bc relative=0x0000000000001f7c
Event: 101.254 Thread 0x000001ec4eb8a8a0 Uncommon trap: reason=unstable_if action=reinterpret pc=0x000001ec3cef45bc method=com.google.common.collect.MapMakerInternalMap$Segment.getEntry(Ljava/lang/Object;I)Lcom/google/common/collect/MapMakerInternalMap$InternalEntry; @ 40 c2
Event: 101.254 Thread 0x000001ec4eb8a8a0 DEOPT PACKING pc=0x000001ec3cef45bc sp=0x0000008d982f86a0
Event: 101.254 Thread 0x000001ec4eb8a8a0 DEOPT UNPACKING pc=0x000001ec350e5c23 sp=0x0000008d982f85d8 mode 2
Event: 101.255 Thread 0x000001ec4eb8a8a0 Uncommon trap: trap_request=0xffffff45 fr.pc=0x000001ec3cedbdfc relative=0x00000000000003bc
Event: 101.255 Thread 0x000001ec4eb8a8a0 Uncommon trap: reason=unstable_if action=reinterpret pc=0x000001ec3cedbdfc method=com.google.common.collect.MapMakerInternalMap$Segment.getEntry(Ljava/lang/Object;I)Lcom/google/common/collect/MapMakerInternalMap$InternalEntry; @ 40 c2
Event: 101.255 Thread 0x000001ec4eb8a8a0 DEOPT PACKING pc=0x000001ec3cedbdfc sp=0x0000008d982f85f0
Event: 101.255 Thread 0x000001ec4eb8a8a0 DEOPT UNPACKING pc=0x000001ec350e5c23 sp=0x0000008d982f85b8 mode 2
Event: 103.243 Thread 0x000001ec4eb8a8a0 Uncommon trap: trap_request=0xffffff45 fr.pc=0x000001ec3d424e7c relative=0x000000000000043c
Event: 103.243 Thread 0x000001ec4eb8a8a0 Uncommon trap: reason=unstable_if action=reinterpret pc=0x000001ec3d424e7c method=java.lang.StringConcatHelper.simpleConcat(Ljava/lang/Object;Ljava/lang/Object;)Ljava/lang/String; @ 30 c2
Event: 103.243 Thread 0x000001ec4eb8a8a0 DEOPT PACKING pc=0x000001ec3d424e7c sp=0x0000008d982f9020
Event: 103.243 Thread 0x000001ec4eb8a8a0 DEOPT UNPACKING pc=0x000001ec350e5c23 sp=0x0000008d982f8fc8 mode 2
Event: 103.399 Thread 0x000001ec4eb8a8a0 Uncommon trap: trap_request=0xfffffff4 fr.pc=0x000001ec3d18dca4 relative=0x0000000000000104
Event: 103.399 Thread 0x000001ec4eb8a8a0 Uncommon trap: reason=null_check action=make_not_entrant pc=0x000001ec3d18dca4 method=org.gradle.api.internal.collections.CollectionFilter.filter(Ljava/lang/Object;)Ljava/lang/Object; @ 5 c2
Event: 103.399 Thread 0x000001ec4eb8a8a0 DEOPT PACKING pc=0x000001ec3d18dca4 sp=0x0000008d982f9840
Event: 103.399 Thread 0x000001ec4eb8a8a0 DEOPT UNPACKING pc=0x000001ec350e5c23 sp=0x0000008d982f97e0 mode 2

Classes unloaded (0 events):
No events

Classes redefined (0 events):
No events

Internal exceptions (20 events):
Event: 73.074 Thread 0x000001ec5796ab70 Implicit null exception at 0x000001ec3cdf415d to 0x000001ec3cdf41f4
Event: 73.075 Thread 0x000001ec5796ab70 Implicit null exception at 0x000001ec3d43861e to 0x000001ec3d438e08
Event: 96.670 Thread 0x000001ec4eb8a8a0 Exception <a 'sun/nio/fs/WindowsException'{0x000000008ed5e020}> (0x000000008ed5e020) 
thrown [c:\sb\prod\1715191057\workspace\open\src\hotspot\share\prims\jni.cpp, line 516]
Event: 96.671 Thread 0x000001ec4eb8a8a0 Exception <a 'sun/nio/fs/WindowsException'{0x000000008ed5f570}> (0x000000008ed5f570) 
thrown [c:\sb\prod\1715191057\workspace\open\src\hotspot\share\prims\jni.cpp, line 516]
Event: 96.671 Thread 0x000001ec4eb8a8a0 Exception <a 'sun/nio/fs/WindowsException'{0x000000008ed60ac0}> (0x000000008ed60ac0) 
thrown [c:\sb\prod\1715191057\workspace\open\src\hotspot\share\prims\jni.cpp, line 516]
Event: 96.672 Thread 0x000001ec4eb8a8a0 Exception <a 'sun/nio/fs/WindowsException'{0x000000008ed62000}> (0x000000008ed62000) 
thrown [c:\sb\prod\1715191057\workspace\open\src\hotspot\share\prims\jni.cpp, line 516]
Event: 97.725 Thread 0x000001ec4eb8a8a0 Exception <a 'sun/nio/fs/WindowsException'{0x000000008d859d08}> (0x000000008d859d08) 
thrown [c:\sb\prod\1715191057\workspace\open\src\hotspot\share\prims\jni.cpp, line 516]
Event: 97.726 Thread 0x000001ec4eb8a8a0 Exception <a 'sun/nio/fs/WindowsException'{0x000000008d859e60}> (0x000000008d859e60) 
thrown [c:\sb\prod\1715191057\workspace\open\src\hotspot\share\prims\jni.cpp, line 516]
Event: 97.726 Thread 0x000001ec4eb8a8a0 Exception <a 'sun/nio/fs/WindowsException'{0x000000008d85c4b0}> (0x000000008d85c4b0) 
thrown [c:\sb\prod\1715191057\workspace\open\src\hotspot\share\prims\jni.cpp, line 516]
Event: 97.726 Thread 0x000001ec4eb8a8a0 Exception <a 'sun/nio/fs/WindowsException'{0x000000008d85c680}> (0x000000008d85c680) 
thrown [c:\sb\prod\1715191057\workspace\open\src\hotspot\share\prims\jni.cpp, line 516]
Event: 97.727 Thread 0x000001ec4eb8a8a0 Exception <a 'sun/nio/fs/WindowsException'{0x000000008d860a40}> (0x000000008d860a40) 
thrown [c:\sb\prod\1715191057\workspace\open\src\hotspot\share\prims\jni.cpp, line 516]
Event: 97.727 Thread 0x000001ec4eb8a8a0 Exception <a 'sun/nio/fs/WindowsException'{0x000000008d860c10}> (0x000000008d860c10) 
thrown [c:\sb\prod\1715191057\workspace\open\src\hotspot\share\prims\jni.cpp, line 516]
Event: 100.879 Thread 0x000001ec4eb8a8a0 Exception <a 'sun/nio/fs/WindowsException'{0x0000000090dc4480}> (0x0000000090dc4480) 
thrown [c:\sb\prod\1715191057\workspace\open\src\hotspot\share\prims\jni.cpp, line 516]
Event: 103.399 Thread 0x000001ec4eb8a8a0 Implicit null exception at 0x000001ec3d18dbde to 0x000001ec3d18dc90
Event: 103.626 Thread 0x000001ec4eb8a8a0 Exception <a 'sun/nio/fs/WindowsException'{0x000000008f835520}> (0x000000008f835520) 
thrown [c:\sb\prod\1715191057\workspace\open\src\hotspot\share\prims\jni.cpp, line 516]
Event: 103.635 Thread 0x000001ec4eb8a8a0 Exception <a 'sun/nio/fs/WindowsException'{0x000000008f83f828}> (0x000000008f83f828) 
thrown [c:\sb\prod\1715191057\workspace\open\src\hotspot\share\prims\jni.cpp, line 516]
Event: 103.636 Thread 0x000001ec4eb8a8a0 Exception <a 'sun/nio/fs/WindowsException'{0x000000008f840e50}> (0x000000008f840e50) 
thrown [c:\sb\prod\1715191057\workspace\open\src\hotspot\share\prims\jni.cpp, line 516]
Event: 103.636 Thread 0x000001ec4eb8a8a0 Exception <a 'sun/nio/fs/WindowsException'{0x000000008f8424c8}> (0x000000008f8424c8) 
thrown [c:\sb\prod\1715191057\workspace\open\src\hotspot\share\prims\jni.cpp, line 516]
Event: 103.636 Thread 0x000001ec4eb8a8a0 Exception <a 'sun/nio/fs/WindowsException'{0x000000008f843b40}> (0x000000008f843b40) 
thrown [c:\sb\prod\1715191057\workspace\open\src\hotspot\share\prims\jni.cpp, line 516]
Event: 103.948 Thread 0x000001ec50dd9e60 Exception <a 'sun/nio/fs/WindowsException'{0x000000008ef38770}> (0x000000008ef38770) 
thrown [c:\sb\prod\1715191057\workspace\open\src\hotspot\share\prims\jni.cpp, line 516]

VM Operations (20 events):
Event: 99.776 Executing VM operation: Cleanup done
Event: 100.399 Executing VM operation: G1CollectForAllocation
Event: 100.467 Executing VM operation: G1CollectForAllocation done
Event: 100.479 Executing VM operation: G1CollectForAllocation
Event: 100.510 Executing VM operation: G1CollectForAllocation done
Event: 100.815 Executing VM operation: HandshakeAllThreads
Event: 100.820 Executing VM operation: HandshakeAllThreads done
Event: 101.117 Executing VM operation: ICBufferFull
Event: 101.118 Executing VM operation: ICBufferFull done
Event: 101.254 Executing VM operation: HandshakeAllThreads
Event: 101.256 Executing VM operation: HandshakeAllThreads done
Event: 102.256 Executing VM operation: Cleanup
Event: 102.257 Executing VM operation: Cleanup done
Event: 103.194 Executing VM operation: HandshakeAllThreads
Event: 103.195 Executing VM operation: HandshakeAllThreads done
Event: 103.687 Executing VM operation: ICBufferFull
Event: 103.687 Executing VM operation: ICBufferFull done
Event: 104.717 Executing VM operation: ICBufferFull
Event: 104.718 Executing VM operation: ICBufferFull done
Event: 106.045 Executing VM operation: G1CollectForAllocation

Events (20 events):
Event: 103.830 Thread 0x000001ec53d82a50 Thread exited: 0x000001ec53d82a50
Event: 103.870 Thread 0x000001ec53d82a50 Thread added: 0x000001ec53d82a50
Event: 103.916 Thread 0x000001ec50dd9e60 Thread added: 0x000001ec50dd9e60
Event: 103.918 Thread 0x000001ec50ddb1a0 Thread added: 0x000001ec50ddb1a0
Event: 103.918 Thread 0x000001ec50dda330 Thread added: 0x000001ec50dda330
Event: 103.920 Thread 0x000001ec50ddb670 Thread added: 0x000001ec50ddb670
Event: 103.922 Thread 0x000001ec50dda800 Thread added: 0x000001ec50dda800
Event: 103.922 Thread 0x000001ec50dd7cb0 Thread added: 0x000001ec50dd7cb0
Event: 103.923 Thread 0x000001ec50ddeb60 Thread added: 0x000001ec50ddeb60
Event: 103.923 Thread 0x000001ec50ddce80 Thread added: 0x000001ec50ddce80
Event: 103.928 Thread 0x000001ec50ddf030 Thread added: 0x000001ec50ddf030
Event: 104.929 Thread 0x000001ec50ddbb40 Thread added: 0x000001ec50ddbb40
Event: 104.930 Thread 0x000001ec50ddc010 Thread added: 0x000001ec50ddc010
Event: 104.930 Thread 0x000001ec4cf51820 Thread added: 0x000001ec4cf51820
Event: 104.931 Thread 0x000001ec4cf4ecd0 Thread added: 0x000001ec4cf4ecd0
Event: 104.931 Thread 0x000001ec4cf521c0 Thread added: 0x000001ec4cf521c0
Event: 104.932 Thread 0x000001ec4cf52690 Thread added: 0x000001ec4cf52690
Event: 104.932 Thread 0x000001ec4cf52b60 Thread added: 0x000001ec4cf52b60
Event: 105.782 Thread 0x000001ec53d82a50 Thread exited: 0x000001ec53d82a50
Event: 105.968 Thread 0x000001ec53d82a50 Thread added: 0x000001ec53d82a50


Dynamic libraries:
0x00007ff7a9da0000 - 0x00007ff7a9dae000 	C:\Program Files\Java\jdk-17\bin\java.exe
0x00007fff2bb40000 - 0x00007fff2bda8000 	C:\WINDOWS\SYSTEM32\ntdll.dll
0x00007fff2a670000 - 0x00007fff2a739000 	C:\WINDOWS\System32\KERNEL32.DLL
0x00007fff29300000 - 0x00007fff296f2000 	C:\WINDOWS\System32\KERNELBASE.dll
0x00007fff28d90000 - 0x00007fff28edb000 	C:\WINDOWS\System32\ucrtbase.dll
0x00007ffedc350000 - 0x00007ffedc36a000 	C:\Program Files\Java\jdk-17\bin\VCRUNTIME140.dll
0x00007ffee07f0000 - 0x00007ffee0808000 	C:\Program Files\Java\jdk-17\bin\jli.dll
0x00007fff29fa0000 - 0x00007fff2a165000 	C:\WINDOWS\System32\USER32.dll
0x00007fff0fde0000 - 0x00007fff10073000 	C:\WINDOWS\WinSxS\amd64_microsoft.windows.common-controls_6595b64144ccf1df_6.0.26100.6899_none_3e0efeeae32e88c1\COMCTL32.dll
0x00007fff29700000 - 0x00007fff29727000 	C:\WINDOWS\System32\win32u.dll
0x00007fff2a740000 - 0x00007fff2a7e9000 	C:\WINDOWS\System32\msvcrt.dll
0x00007fff2a800000 - 0x00007fff2a82b000 	C:\WINDOWS\System32\GDI32.dll
0x00007fff291d0000 - 0x00007fff292fd000 	C:\WINDOWS\System32\gdi32full.dll
0x00007fff297d0000 - 0x00007fff29873000 	C:\WINDOWS\System32\msvcp_win.dll
0x00007fff2a900000 - 0x00007fff2a92f000 	C:\WINDOWS\System32\IMM32.DLL
0x00007fff22ee0000 - 0x00007fff22eec000 	C:\Program Files\Java\jdk-17\bin\vcruntime140_1.dll
0x00007ffed3f30000 - 0x00007ffed3fbd000 	C:\Program Files\Java\jdk-17\bin\msvcp140.dll
0x00007ffe7bfa0000 - 0x00007ffe7cb60000 	C:\Program Files\Java\jdk-17\bin\server\jvm.dll
0x00007fff2a830000 - 0x00007fff2a8e4000 	C:\WINDOWS\System32\ADVAPI32.dll
0x00007fff2b9a0000 - 0x00007fff2ba46000 	C:\WINDOWS\System32\sechost.dll
0x00007fff2a550000 - 0x00007fff2a668000 	C:\WINDOWS\System32\RPCRT4.dll
0x00007fff299a0000 - 0x00007fff299a8000 	C:\WINDOWS\System32\PSAPI.DLL
0x00007fff223b0000 - 0x00007fff223bb000 	C:\WINDOWS\SYSTEM32\VERSION.dll
0x00007fff0fd30000 - 0x00007fff0fd3a000 	C:\WINDOWS\SYSTEM32\WSOCK32.dll
0x00007fff204a0000 - 0x00007fff204d5000 	C:\WINDOWS\SYSTEM32\WINMM.dll
0x00007fff2b8b0000 - 0x00007fff2b924000 	C:\WINDOWS\System32\WS2_32.dll
0x00007fff27aa0000 - 0x00007fff27abb000 	C:\WINDOWS\SYSTEM32\kernel.appcore.dll
0x00007ffee6cc0000 - 0x00007ffee6cca000 	C:\Program Files\Java\jdk-17\bin\jimage.dll
0x00007fff26340000 - 0x00007fff26582000 	C:\WINDOWS\SYSTEM32\DBGHELP.DLL
0x00007fff2a1d0000 - 0x00007fff2a54b000 	C:\WINDOWS\System32\combase.dll
0x00007fff2a990000 - 0x00007fff2aa67000 	C:\WINDOWS\System32\OLEAUT32.dll
0x00007ffefd140000 - 0x00007ffefd17c000 	C:\WINDOWS\SYSTEM32\dbgcore.DLL
0x00007fff29730000 - 0x00007fff297c8000 	C:\WINDOWS\System32\bcryptPrimitives.dll
0x00007ffee66d0000 - 0x00007ffee66de000 	C:\Program Files\Java\jdk-17\bin\instrument.dll
0x00007ffed9430000 - 0x00007ffed9455000 	C:\Program Files\Java\jdk-17\bin\java.dll
0x00007ffed12e0000 - 0x00007ffed13b6000 	C:\Program Files\Java\jdk-17\bin\svml.dll
0x00007fff2aa90000 - 0x00007fff2b1dd000 	C:\WINDOWS\System32\SHELL32.dll
0x00007fff29060000 - 0x00007fff291cb000 	C:\WINDOWS\System32\wintypes.dll
0x00007fff26900000 - 0x00007fff2715d000 	C:\WINDOWS\SYSTEM32\windows.storage.dll
0x00007fff2b6a0000 - 0x00007fff2b792000 	C:\WINDOWS\System32\SHCORE.dll
0x00007fff2b930000 - 0x00007fff2b992000 	C:\WINDOWS\System32\shlwapi.dll
0x00007fff28bf0000 - 0x00007fff28c19000 	C:\WINDOWS\SYSTEM32\profapi.dll
0x00007ffeda2a0000 - 0x00007ffeda2b8000 	C:\Program Files\Java\jdk-17\bin\zip.dll
0x00007ffeda0b0000 - 0x00007ffeda0c9000 	C:\Program Files\Java\jdk-17\bin\net.dll
0x00007fff227c0000 - 0x00007fff228df000 	C:\WINDOWS\SYSTEM32\WINHTTP.dll
0x00007fff28010000 - 0x00007fff2807b000 	C:\WINDOWS\system32\mswsock.dll
0x00007ffed9410000 - 0x00007ffed9425000 	C:\Program Files\Java\jdk-17\bin\nio.dll
0x00007ffee62e0000 - 0x00007ffee62f0000 	C:\Program Files\Java\jdk-17\bin\verify.dll
0x00007ffedc370000 - 0x00007ffedc397000 	C:\Users\Dell\.gradle\native\c067742578af261105cb4f569cf0c3c89f3d7b1fecec35dd04571415982c5e48\windows-amd64\native-platform.dll
0x00007ffece920000 - 0x00007ffecea64000 	C:\Users\Dell\.gradle\native\100fb08df4bc3b14c8652ba06237920a3bd2aa13389f12d3474272988ae205f9\windows-amd64\native-platform-file-events.dll
0x00007fff21ce0000 - 0x00007fff21ce9000 	C:\Program Files\Java\jdk-17\bin\management.dll
0x00007fff21cd0000 - 0x00007fff21cdb000 	C:\Program Files\Java\jdk-17\bin\management_ext.dll
0x00007fff282d0000 - 0x00007fff282eb000 	C:\WINDOWS\SYSTEM32\CRYPTSP.dll
0x00007fff27a00000 - 0x00007fff27a3b000 	C:\WINDOWS\system32\rsaenh.dll
0x00007fff280b0000 - 0x00007fff280db000 	C:\WINDOWS\SYSTEM32\USERENV.dll
0x00007fff28bc0000 - 0x00007fff28be6000 	C:\WINDOWS\SYSTEM32\bcrypt.dll
0x00007fff282c0000 - 0x00007fff282cc000 	C:\WINDOWS\SYSTEM32\CRYPTBASE.dll
0x00007fff274d0000 - 0x00007fff27504000 	C:\WINDOWS\SYSTEM32\IPHLPAPI.DLL
0x00007fff2b8a0000 - 0x00007fff2b8aa000 	C:\WINDOWS\System32\NSI.dll
0x00007fff23740000 - 0x00007fff2375e000 	C:\WINDOWS\SYSTEM32\dhcpcsvc6.DLL
0x00007fff23710000 - 0x00007fff23733000 	C:\WINDOWS\SYSTEM32\dhcpcsvc.DLL
0x00007fff27570000 - 0x00007fff27696000 	C:\WINDOWS\SYSTEM32\DNSAPI.dll
0x00007fff21cc0000 - 0x00007fff21cce000 	C:\Program Files\Java\jdk-17\bin\sunmscapi.dll
0x00007fff28ee0000 - 0x00007fff29057000 	C:\WINDOWS\System32\CRYPT32.dll
0x00007fff284e0000 - 0x00007fff28510000 	C:\WINDOWS\SYSTEM32\ncrypt.dll
0x00007fff28490000 - 0x00007fff284cf000 	C:\WINDOWS\SYSTEM32\NTASN1.dll
0x00007ffef27a0000 - 0x00007ffef27a8000 	C:\WINDOWS\system32\wshunix.dll
0x00007fff00500000 - 0x00007fff00518000 	C:\WINDOWS\system32\napinsp.dll
0x00007fff004e0000 - 0x00007fff004f2000 	C:\WINDOWS\System32\winrnr.dll
0x00007fff004b0000 - 0x00007fff004d8000 	C:\WINDOWS\system32\nlansp_c.dll
0x00007fff00490000 - 0x00007fff004a6000 	C:\WINDOWS\system32\wshbth.dll
0x00007fff22480000 - 0x00007fff2248b000 	C:\Windows\System32\rasadhlp.dll
0x00007fff239d0000 - 0x00007fff23a56000 	C:\WINDOWS\System32\fwpuclnt.dll
0x00007fff17a20000 - 0x00007fff17a27000 	C:\Program Files\Java\jdk-17\bin\rmi.dll

dbghelp: loaded successfully - version: 4.0.5 - missing functions: none
symbol engine: initialized successfully - sym options: 0x614 - pdb path: .;C:\Program Files\Java\jdk-17\bin;C:\WINDOWS\SYSTEM32;C:\WINDOWS\WinSxS\amd64_microsoft.windows.common-controls_6595b64144ccf1df_6.0.26100.6899_none_3e0efeeae32e88c1;C:\Program Files\Java\jdk-17\bin\server;C:\Users\Dell\.gradle\native\c067742578af261105cb4f569cf0c3c89f3d7b1fecec35dd04571415982c5e48\windows-amd64;C:\Users\Dell\.gradle\native\100fb08df4bc3b14c8652ba06237920a3bd2aa13389f12d3474272988ae205f9\windows-amd64

VM Arguments:
jvm_args: --add-opens=java.base/java.lang=ALL-UNNAMED --add-opens=java.base/java.lang.invoke=ALL-UNNAMED --add-opens=java.base/java.util=ALL-UNNAMED --add-opens=java.prefs/java.util.prefs=ALL-UNNAMED --add-exports=jdk.compiler/com.sun.tools.javac.api=ALL-UNNAMED --add-exports=jdk.compiler/com.sun.tools.javac.util=ALL-UNNAMED --add-opens=java.base/java.util=ALL-UNNAMED --add-opens=java.prefs/java.util.prefs=ALL-UNNAMED --add-opens=java.base/java.nio.charset=ALL-UNNAMED --add-opens=java.base/java.net=ALL-UNNAMED --add-opens=java.base/java.util.concurrent.atomic=ALL-UNNAMED --add-opens=java.xml/javax.xml.namespace=ALL-UNNAMED -Xmx2048m -Dfile.encoding=UTF-8 -Duser.country=IN -Duser.language=en -Duser.variant -javaagent:C:\Users\Dell\.gradle\wrapper\dists\gradle-8.11.1-bin\bpt9gzteqjrbo1mjrsomdt32c\gradle-8.11.1\lib\agents\gradle-instrumentation-agent-8.11.1.jar 
java_command: org.gradle.launcher.daemon.bootstrap.GradleDaemon 8.11.1
java_class_path (initial): C:\Users\Dell\.gradle\wrapper\dists\gradle-8.11.1-bin\bpt9gzteqjrbo1mjrsomdt32c\gradle-8.11.1\lib\gradle-daemon-main-8.11.1.jar
Launcher Type: SUN_STANDARD

[Global flags]
     intx CICompilerCount                          = 4                                         {product} {ergonomic}
     uint ConcGCThreads                            = 2                                         {product} {ergonomic}
     uint G1ConcRefinementThreads                  = 8                                         {product} {ergonomic}
   size_t G1HeapRegionSize                         = 1048576                                   {product} {ergonomic}
    uintx GCDrainStackTargetSize                   = 64                                        {product} {ergonomic}
   size_t InitialHeapSize                          = 130023424                                 {product} {ergonomic}
   size_t MarkStackSize                            = 4194304                                   {product} {ergonomic}
   size_t MaxHeapSize                              = 2147483648                                {product} {command line}
   size_t MaxNewSize                               = 1287651328                                {product} {ergonomic}
   size_t MinHeapDeltaBytes                        = 1048576                                   {product} {ergonomic}
   size_t MinHeapSize                              = 8388608                                   {product} {ergonomic}
    uintx NonNMethodCodeHeapSize                   = 5839372                                {pd product} {ergonomic}
    uintx NonProfiledCodeHeapSize                  = 122909434                              {pd product} {ergonomic}
    uintx ProfiledCodeHeapSize                     = 122909434                              {pd product} {ergonomic}
    uintx ReservedCodeCacheSize                    = 251658240                              {pd product} {ergonomic}
     bool SegmentedCodeCache                       = true                                      {product} {ergonomic}
   size_t SoftMaxHeapSize                          = 2147483648                             {manageable} {ergonomic}
     bool UseCompressedClassPointers               = true                           {product lp64_product} {ergonomic}
     bool UseCompressedOops                        = true                           {product lp64_product} {ergonomic}
     bool UseG1GC                                  = true                                      {product} {ergonomic}
     bool UseLargePagesIndividualAllocation        = false                                  {pd product} {ergonomic}

Logging:
Log output configuration:
 #0: stdout all=warning uptime,level,tags
 #1: stderr all=off uptime,level,tags

Environment Variables:
JAVA_HOME="C:\Program Files\Java\jdk-17"
PATH=%JAVA_HOME%\bin;C:\WINDOWS\system32;C:\Program Files\Common Files\Oracle\Java\javapath;C:\WINDOWS;C:\WINDOWS\System32\Wbem;C:\WINDOWS\System32\WindowsPowerShell\v1.0\;C:\WINDOWS\System32\OpenSSH\;C:\Program Files\dotnet\;C:\MinGW\bin;C:\Program Files\Git\cmd;C:\Program Files\nodejs\;C:\ProgramData\chocolatey\bin;C:\Users\Dell\AppData\Local\Microsoft\WindowsApps;C:\Users\Dell\AppData\Local\Programs\Microsoft VS Code\bin;C:\Users\Dell\AppData\Local\GitHubDesktop\bin;C:\Users\Dell\AppData\Roaming\npm;C:\flutter\src\flutter\bin;D:\projects;
USERNAME=Dell
OS=Windows_NT
PROCESSOR_IDENTIFIER=Intel64 Family 6 Model 140 Stepping 1, GenuineIntel



---------------  S Y S T E M  ---------------

OS:
 Windows 10 , 64 bit Build 26100 (10.0.26100.6725)
OS uptime: 14 days 21:03 hours
Hyper-V role detected

CPU: total 8 (initial active 8) (4 cores per cpu, 2 threads per core) family 6 model 140 stepping 1 microcode 0xbc, cx8, cmov, fxsr, ht, mmx, 3dnowpref, sse, sse2, sse3, ssse3, sse4.1, sse4.2, popcnt, lzcnt, tsc, tscinvbit, avx, avx2, aes, erms, clmul, bmi1, bmi2, adx, avx512f, avx512dq, avx512cd, avx512bw, avx512vl, sha, fma, vzeroupper, avx512_vpopcntdq, avx512_vpclmulqdq, avx512_vaes, avx512_vnni, clflush, clflushopt, clwb, avx512_vbmi2, avx512_vbmi, hv

Memory: 4k page, system-wide physical 7926M (537M free)
TotalPageFile size 32502M (AvailPageFile size 73M)
current process WorkingSet (physical memory assigned to process): 369M, peak: 548M
current process commit charge ("private bytes"): 619M, peak: 1065M

vm_info: OpenJDK 64-Bit Server VM (17.0.0.1+2-3) for windows-amd64 JRE (17.0.0.1+2-3), built on May  8 2024 19:05:00 by "mach5one" with MS VC++ 16.8 (VS2019)

END.
